Component: ARM Compiler 5.06 update 6 (build 750) Tool: armlink [4d35ed]

==============================================================================

Section Cross References

    main.o(i.main) refers to usart.o(i.FML_USART_Init) for FML_USART_Init
    main.o(i.main) refers to timer.o(i.FML_TIME_Init) for FML_TIME_Init
    main.o(i.main) refers to timer.o(i.FML_TIME_Register) for FML_TIME_Register
    main.o(i.main) refers to usart.o(i.FML_USART_Register) for FML_USART_Register
    main.o(i.main) refers to esp8266.o(i.ESP_Init) for ESP_Init
    main.o(i.main) refers to demo_client.o(i.DemoClientInit) for DemoClientInit
    main.o(i.main) refers to esp8266.o(i.ESP_RunTask) for ESP_RunTask
    main.o(i.main) refers to usart.o(i.FML_USART_RecvTask) for FML_USART_RecvTask
    main.o(i.main) refers to demo_client.o(i.DemoClientTask) for DemoClientTask
    main.o(i.main) refers to usart.o(i.FML_USART_MillisecondTimer) for FML_USART_MillisecondTimer
    main.o(i.main) refers to esp8266.o(i.ESP_OnReciveParseUsartData) for ESP_OnReciveParseUsartData
    main.o(i.main) refers to timer.o(.data) for g_tTimeSign
    system_stm32f10x.o(i.SetSysClock) refers to system_stm32f10x.o(i.SetSysClockTo72) for SetSysClockTo72
    system_stm32f10x.o(i.SystemCoreClockUpdate) refers to system_stm32f10x.o(.data) for SystemCoreClock
    system_stm32f10x.o(i.SystemInit) refers to system_stm32f10x.o(i.SetSysClock) for SetSysClock
    demo_client.o(i.DemoClientInit) refers to esp8266.o(i.ESP_SetWorkMode) for ESP_SetWorkMode
    demo_client.o(i.DemoClientInit) refers to esp8266.o(i.ESP_SetNetDataRecv) for ESP_SetNetDataRecv
    demo_client.o(i.DemoClientInit) refers to demo_client.o(i.OnSetWorkModeAck) for OnSetWorkModeAck
    demo_client.o(i.DemoClientInit) refers to demo_client.o(i.OnRecvNetData) for OnRecvNetData
    demo_client.o(i.DemoClientTask) refers to esp8266.o(i.ESP_GetWifiConnectStatus) for ESP_GetWifiConnectStatus
    demo_client.o(i.DemoClientTask) refers to esp8266.o(i.ESP_ExitAirkissConfigWifi) for ESP_ExitAirkissConfigWifi
    demo_client.o(i.DemoClientTask) refers to esp8266.o(i.ESP_GetTcpConnectStatus) for ESP_GetTcpConnectStatus
    demo_client.o(i.DemoClientTask) refers to esp8266.o(i.ESP_SendNetData) for ESP_SendNetData
    demo_client.o(i.DemoClientTask) refers to demo_client.o(.data) for sg_isEnterAirkissConfig
    demo_client.o(i.DemoClientTask) refers to demo_client.o(i.OnSendNetDataAck) for OnSendNetDataAck
    demo_client.o(i.OnBuildNetConnetResultAck) refers to usart.o(i.USART_Printf) for USART_Printf
    demo_client.o(i.OnBuildNetConnetResultAck) refers to demo_client.o(.data) for isWifiHostSuccess
    demo_client.o(i.OnEnterAirkissConfigWifiAck) refers to usart.o(i.USART_Printf) for USART_Printf
    demo_client.o(i.OnEnterAirkissConfigWifiAck) refers to demo_client.o(.data) for sg_isEnterAirkissConfig
    demo_client.o(i.OnQueryLocalIPAck) refers to esp8266.o(i.ESP_GetLocalIP) for ESP_GetLocalIP
    demo_client.o(i.OnQueryLocalIPAck) refers to usart.o(i.USART_Printf) for USART_Printf
    demo_client.o(i.OnQueryWifiInfoAck) refers to esp8266.o(i.ESP_GetWifiInfo) for ESP_GetWifiInfo
    demo_client.o(i.OnQueryWifiInfoAck) refers to usart.o(i.USART_Printf) for USART_Printf
    demo_client.o(i.OnQueryWifiInfoAck) refers to esp8266.o(i.ESP_BuildNetConnect) for ESP_BuildNetConnect
    demo_client.o(i.OnQueryWifiInfoAck) refers to demo_client.o(i.OnBuildNetConnetResultAck) for OnBuildNetConnetResultAck
    demo_client.o(i.OnQueryWifiInfoListsAck) refers to esp8266.o(i.ESP_GetWifiInfoLists) for ESP_GetWifiInfoLists
    demo_client.o(i.OnQueryWifiInfoListsAck) refers to usart.o(i.USART_Printf) for USART_Printf
    demo_client.o(i.OnQueryWifiInfoListsAck) refers to esp8266.o(i.ESP_SetWifiConnect) for ESP_SetWifiConnect
    demo_client.o(i.OnQueryWifiInfoListsAck) refers to demo_client.o(i.OnSetWifiConnectAck) for OnSetWifiConnectAck
    demo_client.o(i.OnRecvNetData) refers to usart.o(i.USART_Printf) for USART_Printf
    demo_client.o(i.OnRecvNetData) refers to demo_client.o(.data) for sg_sendDataFlag
    demo_client.o(i.OnSendNetDataAck) refers to usart.o(i.USART_Printf) for USART_Printf
    demo_client.o(i.OnSendNetDataAck) refers to demo_client.o(.data) for sg_sendDataFlag
    demo_client.o(i.OnSetWifiConnectAck) refers to usart.o(i.USART_Printf) for USART_Printf
    demo_client.o(i.OnSetWorkModeAck) refers to usart.o(i.USART_Printf) for USART_Printf
    demo_client.o(i.OnSetWorkModeAck) refers to esp8266.o(i.ESP_ExitAirkissConfigWifi) for ESP_ExitAirkissConfigWifi
    demo_client.o(i.OnSetWorkModeAck) refers to esp8266.o(i.ESP_EnterAirkissConfigWifi) for ESP_EnterAirkissConfigWifi
    demo_client.o(i.OnSetWorkModeAck) refers to demo_client.o(i.OnEnterAirkissConfigWifiAck) for OnEnterAirkissConfigWifiAck
    sys.o(i.DelayMs) refers to sys.o(i.ReadSystemTime) for ReadSystemTime
    sys.o(i.DelayUs) refers to sys.o(i.ReadSystemTime) for ReadSystemTime
[...]
    .text                                    0x080013a0   Section      128  strcmpv7m.o(.text)
    .text                                    0x08001420   Section        0  sys_exit.o(.text)
    .text                                    0x0800142c   Section        2  use_no_semi.o(.text)
    .text                                    0x0800142e   Section        0  indicate_semi.o(.text)
    CL$$btod_d2e                             0x0800142e   Section       62  btod.o(CL$$btod_d2e)
    CL$$btod_d2e_denorm_low                  0x0800146c   Section       70  btod.o(CL$$btod_d2e_denorm_low)
    CL$$btod_d2e_norm_op1                    0x080014b2   Section       96  btod.o(CL$$btod_d2e_norm_op1)
    CL$$btod_div_common                      0x08001512   Section      824  btod.o(CL$$btod_div_common)
    CL$$btod_e2e                             0x0800184a   Section      220  btod.o(CL$$btod_e2e)
    CL$$btod_ediv                            0x08001926   Section       42  btod.o(CL$$btod_ediv)
    CL$$btod_emul                            0x08001950   Section       42  btod.o(CL$$btod_emul)
    CL$$btod_mult_common                     0x0800197a   Section      580  btod.o(CL$$btod_mult_common)
    i.AddByteToBuffer                        0x08001bbe   Section        0  usart.o(i.AddByteToBuffer)
    AddByteToBuffer                          0x08001bbf   Thumb Code   110  usart.o(i.AddByteToBuffer)
    i.AddCmdTaskToList                       0x08001c2c   Section        0  esp8266.o(i.AddCmdTaskToList)
    AddCmdTaskToList                         0x08001c2d   Thumb Code   122  esp8266.o(i.AddCmdTaskToList)
    i.BusFault_Handler                       0x08001ca6   Section        0  stm32f10x_it.o(i.BusFault_Handler)
    i.DebugMon_Handler                       0x08001caa   Section        0  stm32f10x_it.o(i.DebugMon_Handler)
    i.DeletCurrCmdTaskFromList               0x08001cac   Section        0  esp8266.o(i.DeletCurrCmdTaskFromList)
    DeletCurrCmdTaskFromList                 0x08001cad   Thumb Code    76  esp8266.o(i.DeletCurrCmdTaskFromList)
    i.DemoClientInit                         0x08001cf8   Section        0  demo_client.o(i.DemoClientInit)
    i.DemoClientTask                         0x08001d14   Section        0  demo_client.o(i.DemoClientTask)
    i.ESP_EnterAirkissConfigWifi             0x08001d64   Section        0  esp8266.o(i.ESP_EnterAirkissConfigWifi)
    i.ESP_ExitAirkissConfigWifi              0x08001d8c   Section        0  esp8266.o(i.ESP_ExitAirkissConfigWifi)
    i.ESP_GetTcpConnectStatus                0x08001da8   Section        0  esp8266.o(i.ESP_GetTcpConnectStatus)
    i.ESP_GetWifiConnectStatus               0x08001dc8   Section        0  esp8266.o(i.ESP_GetWifiConnectStatus)
    i.ESP_Init                               0x08001dd4   Section        0  esp8266.o(i.ESP_Init)
    i.ESP_OnReciveParseUsartData             0x08001e04   Section        0  esp8266.o(i.ESP_OnReciveParseUsartData)
    i.ESP_RunTask                            0x08001e8c   Section        0  esp8266.o(i.ESP_RunTask)
    i.ESP_SendNetData                        0x08001ea8   Section        0  esp8266.o(i.ESP_SendNetData)
    i.ESP_SetNetDataRecv                     0x08001f00   Section        0  esp8266.o(i.ESP_SetNetDataRecv)
    i.ESP_SetWorkMode                        0x08001f24   Section        0  esp8266.o(i.ESP_SetWorkMode)
    i.EspDriveInit                           0x08001f7c   Section        0  esp8266.o(i.EspDriveInit)
    EspDriveInit                             0x08001f7d   Thumb Code    50  esp8266.o(i.EspDriveInit)
    i.FML_TIME_Init                          0x08001fb4   Section        0  timer.o(i.FML_TIME_Init)
    i.FML_TIME_Register                      0x08001fd0   Section        0  timer.o(i.FML_TIME_Register)
    i.FML_USART_Init                         0x08002014   Section        0  usart.o(i.FML_USART_Init)
    i.FML_USART_MillisecondTimer             0x0800204c   Section        0  usart.o(i.FML_USART_MillisecondTimer)
    i.FML_USART_RecvTask                     0x080020bc   Section        0  usart.o(i.FML_USART_RecvTask)
    i.FML_USART_Register                     0x08002180   Section        0  usart.o(i.FML_USART_Register)
    i.FML_USART_Transmit                     0x080021d0   Section        0  usart.o(i.FML_USART_Transmit)
    i.GPIO_Init                              0x08002274   Section        0  stm32f10x_gpio.o(i.GPIO_Init)
    i.GPIO_SetBits                           0x0800238a   Section        0  stm32f10x_gpio.o(i.GPIO_SetBits)
    i.HardFault_Handler                      0x0800238e   Section        0  stm32f10x_it.o(i.HardFault_Handler)
    i.InitBuffer                             0x08002392   Section        0  usart.o(i.InitBuffer)
    InitBuffer                               0x08002393   Thumb Code    46  usart.o(i.InitBuffer)
    i.InitCmdTaskToList                      0x080023c0   Section        0  esp8266.o(i.InitCmdTaskToList)
    InitCmdTaskToList                        0x080023c1   Thumb Code    32  esp8266.o(i.InitCmdTaskToList)
    i.JudgeNetConnectionStatus               0x080023e0   Section        0  esp8266.o(i.JudgeNetConnectionStatus)
    JudgeNetConnectionStatus                 0x080023e1   Thumb Code   188  esp8266.o(i.JudgeNetConnectionStatus)
    i.JudgeWifiConnectionStatus              0x080024ec   Section        0  esp8266.o(i.JudgeWifiConnectionStatus)
    JudgeWifiConnectionStatus                0x080024ed   Thumb Code    88  esp8266.o(i.JudgeWifiConnectionStatus)
    i.MemManage_Handler                      0x0800258c   Section        0  stm32f10x_it.o(i.MemManage_Handler)
    i.NMI_Handler                            0x08002590   Section        0  stm32f10x_it.o(i.NMI_Handler)
    i.NVIC_Init                              0x08002594   Section        0  misc.o(i.NVIC_Init)
    i.OnEnterAirkissConfigWifiAck            0x08002604   Section        0  demo_client.o(i.OnEnterAirkissConfigWifiAck)
    i.OnPackBuildTCPOrUDPCmd                 0x08002678   Section        0  esp8266.o(i.OnPackBuildTCPOrUDPCmd)
    OnPackBuildTCPOrUDPCmd                   0x08002679   Thumb Code   180  esp8266.o(i.OnPackBuildTCPOrUDPCmd)
    i.OnPackCWModeCmd                        0x08002754   Section        0  esp8266.o(i.OnPackCWModeCmd)
    OnPackCWModeCmd                          0x08002755   Thumb Code    54  esp8266.o(i.OnPackCWModeCmd)
    i.OnPackCloseTCPOrUDPCmd                 0x08002798   Section        0  esp8266.o(i.OnPackCloseTCPOrUDPCmd)
    OnPackCloseTCPOrUDPCmd                   0x08002799   Thumb Code    34  esp8266.o(i.OnPackCloseTCPOrUDPCmd)
    i.OnPackConfigServiceCmd                 0x080027c4   Section        0  esp8266.o(i.OnPackConfigServiceCmd)
    OnPackConfigServiceCmd                   0x080027c5   Thumb Code    66  esp8266.o(i.OnPackConfigServiceCmd)
    i.OnPackJoinAPCmd                        0x08002818   Section        0  esp8266.o(i.OnPackJoinAPCmd)
    OnPackJoinAPCmd                          0x08002819   Thumb Code    68  esp8266.o(i.OnPackJoinAPCmd)
    i.OnPackSetAPParamCmd                    0x08002884   Section        0  esp8266.o(i.OnPackSetAPParamCmd)
    OnPackSetAPParamCmd                      0x08002885   Thumb Code    72  esp8266.o(i.OnPackSetAPParamCmd)
    i.OnPackSetServiceOvertimeCmd            0x080028e4   Section        0  esp8266.o(i.OnPackSetServiceOvertimeCmd)
    OnPackSetServiceOvertimeCmd              0x080028e5   Thumb Code    36  esp8266.o(i.OnPackSetServiceOvertimeCmd)
    i.OnPackSetTransferCmd                   0x08002910   Section        0  esp8266.o(i.OnPackSetTransferCmd)
    OnPackSetTransferCmd                     0x08002911   Thumb Code    50  esp8266.o(i.OnPackSetTransferCmd)
    i.OnPackStartMultiConnectCmd             0x08002954   Section        0  esp8266.o(i.OnPackStartMultiConnectCmd)
    OnPackStartMultiConnectCmd               0x08002955   Thumb Code    50  esp8266.o(i.OnPackStartMultiConnectCmd)
    i.OnPackTCPOrUDPData                     0x08002998   Section        0  esp8266.o(i.OnPackTCPOrUDPData)
    OnPackTCPOrUDPData                       0x08002999   Thumb Code    10  esp8266.o(i.OnPackTCPOrUDPData)
    i.OnPackTCPOrUDPDataCmd                  0x080029a4   Section        0  esp8266.o(i.OnPackTCPOrUDPDataCmd)
    OnPackTCPOrUDPDataCmd                    0x080029a5   Thumb Code    68  esp8266.o(i.OnPackTCPOrUDPDataCmd)
    i.OnRecvNetData                          0x080029fc   Section        0  demo_client.o(i.OnRecvNetData)
    i.OnSendNetDataAck                       0x08002a3c   Section        0  demo_client.o(i.OnSendNetDataAck)
    i.OnSetWorkModeAck                       0x08002a74   Section        0  demo_client.o(i.OnSetWorkModeAck)
    i.OnUnpackATEAck                         0x08002ad0   Section        0  esp8266.o(i.OnUnpackATEAck)
    OnUnpackATEAck                           0x08002ad1   Thumb Code   100  esp8266.o(i.OnUnpackATEAck)
    i.OnUnpackBuildTCPOrUDPAck               0x08002b48   Section        0  esp8266.o(i.OnUnpackBuildTCPOrUDPAck)
    OnUnpackBuildTCPOrUDPAck                 0x08002b49   Thumb Code    76  esp8266.o(i.OnUnpackBuildTCPOrUDPAck)
    i.OnUnpackEnterConfigSmartAck            0x08002b9c   Section        0  esp8266.o(i.OnUnpackEnterConfigSmartAck)
    OnUnpackEnterConfigSmartAck              0x08002b9d   Thumb Code    96  esp8266.o(i.OnUnpackEnterConfigSmartAck)
    i.OnUnpackExitConfigSmartAck             0x08002c10   Section        0  esp8266.o(i.OnUnpackExitConfigSmartAck)
    OnUnpackExitConfigSmartAck               0x08002c11   Thumb Code    94  esp8266.o(i.OnUnpackExitConfigSmartAck)
    i.OnUnpackGeneralAck                     0x08002c84   Section        0  esp8266.o(i.OnUnpackGeneralAck)
    OnUnpackGeneralAck                       0x08002c85   Thumb Code    88  esp8266.o(i.OnUnpackGeneralAck)
    i.OnUnpackGetConnectStatusAck            0x08002cf0   Section        0  esp8266.o(i.OnUnpackGetConnectStatusAck)
    OnUnpackGetConnectStatusAck              0x08002cf1   Thumb Code    96  esp8266.o(i.OnUnpackGetConnectStatusAck)
    i.OnUnpackStartMultiConnectAck           0x08002d70   Section        0  esp8266.o(i.OnUnpackStartMultiConnectAck)
    OnUnpackStartMultiConnectAck             0x08002d71   Thumb Code   146  esp8266.o(i.OnUnpackStartMultiConnectAck)
    i.OnUnpackTCPOrUDPDataCmdAck             0x08002e28   Section        0  esp8266.o(i.OnUnpackTCPOrUDPDataCmdAck)
    OnUnpackTCPOrUDPDataCmdAck               0x08002e29   Thumb Code   156  esp8266.o(i.OnUnpackTCPOrUDPDataCmdAck)
    i.OnUnpackTCPOrUDPDataSendAck            0x08002f10   Section        0  esp8266.o(i.OnUnpackTCPOrUDPDataSendAck)
    OnUnpackTCPOrUDPDataSendAck              0x08002f11   Thumb Code   100  esp8266.o(i.OnUnpackTCPOrUDPDataSendAck)
    i.PendSV_Handler                         0x08002f88   Section        0  stm32f10x_it.o(i.PendSV_Handler)
    i.ProcessAckOverTime                     0x08002f8c   Section        0  esp8266.o(i.ProcessAckOverTime)
    ProcessAckOverTime                       0x08002f8d   Thumb Code    80  esp8266.o(i.ProcessAckOverTime)
    i.ProcessingNetworkData                  0x08002fe0   Section        0  esp8266.o(i.ProcessingNetworkData)
    ProcessingNetworkData                    0x08002fe1   Thumb Code   204  esp8266.o(i.ProcessingNetworkData)
    i.ProcessingSmartInfo                    0x080030f8   Section        0  esp8266.o(i.ProcessingSmartInfo)
    ProcessingSmartInfo                      0x080030f9   Thumb Code   126  esp8266.o(i.ProcessingSmartInfo)
    i.RCC_APB1PeriphClockCmd                 0x080031d4   Section        0  stm32f10x_rcc.o(i.RCC_APB1PeriphClockCmd)
    i.RCC_APB1PeriphResetCmd                 0x080031f4   Section        0  stm32f10x_rcc.o(i.RCC_APB1PeriphResetCmd)
    i.RCC_APB2PeriphClockCmd                 0x08003214   Section        0  stm32f10x_rcc.o(i.RCC_APB2PeriphClockCmd)
    i.RCC_GetClocksFreq                      0x08003234   Section        0  stm32f10x_rcc.o(i.RCC_GetClocksFreq)
    i.ReadBytesToBuffer                      0x08003308   Section        0  usart.o(i.ReadBytesToBuffer)
    ReadBytesToBuffer                        0x08003309   Thumb Code   130  usart.o(i.ReadBytesToBuffer)
    i.ReadCmdInfoFromList                    0x0800338a   Section        0  esp8266.o(i.ReadCmdInfoFromList)
    ReadCmdInfoFromList                      0x0800338b   Thumb Code    52  esp8266.o(i.ReadCmdInfoFromList)
    i.ReadCmdTaskCallFunFromList             0x080033be   Section        0  esp8266.o(i.ReadCmdTaskCallFunFromList)
    ReadCmdTaskCallFunFromList               0x080033bf   Thumb Code    26  esp8266.o(i.ReadCmdTaskCallFunFromList)
    i.RecvDataHandler                        0x080033d8   Section        0  usart.o(i.RecvDataHandler)
    RecvDataHandler                          0x080033d9   Thumb Code    44  usart.o(i.RecvDataHandler)
    i.SVC_Handler                            0x08003404   Section        0  stm32f10x_it.o(i.SVC_Handler)
    i.SendCmdByTaskList                      0x08003408   Section        0  esp8266.o(i.SendCmdByTaskList)
    SendCmdByTaskList                        0x08003409   Thumb Code   226  esp8266.o(i.SendCmdByTaskList)
    i.SetSysClock                            0x0800353c   Section        0  system_stm32f10x.o(i.SetSysClock)
    SetSysClock                              0x0800353d   Thumb Code     8  system_stm32f10x.o(i.SetSysClock)
    i.SetSysClockTo72                        0x08003544   Section        0  system_stm32f10x.o(i.SetSysClockTo72)
    SetSysClockTo72                          0x08003545   Thumb Code   214  system_stm32f10x.o(i.SetSysClockTo72)
    i.StartRecvByteTimer                     0x08003624   Section        0  usart.o(i.StartRecvByteTimer)
    StartRecvByteTimer                       0x08003625   Thumb Code     6  usart.o(i.StartRecvByteTimer)
    i.StopRecvByteTimer                      0x0800362a   Section        0  usart.o(i.StopRecvByteTimer)
    StopRecvByteTimer                        0x0800362b   Thumb Code     8  usart.o(i.StopRecvByteTimer)
    i.SysTick_Handler                        0x08003632   Section        0  stm32f10x_it.o(i.SysTick_Handler)
    i.SystemInit                             0x08003634   Section        0  system_stm32f10x.o(i.SystemInit)
    i.TIM3_IRQHandler                        0x08003694   Section        0  timer.o(i.TIM3_IRQHandler)
    i.TIME_Init                              0x080037f0   Section        0  timer.o(i.TIME_Init)
    i.TIM_ClearITPendingBit                  0x08003850   Section        0  stm32f10x_tim.o(i.TIM_ClearITPendingBit)
    i.TIM_Cmd                                0x08003856   Section        0  stm32f10x_tim.o(i.TIM_Cmd)
    i.TIM_GetITStatus                        0x0800386e   Section        0  stm32f10x_tim.o(i.TIM_GetITStatus)
    i.TIM_ITConfig                           0x08003890   Section        0  stm32f10x_tim.o(i.TIM_ITConfig)
    i.TIM_TimeBaseInit                       0x080038a4   Section        0  stm32f10x_tim.o(i.TIM_TimeBaseInit)
    i.USART1_IRQHandler                      0x08003948   Section        0  usart.o(i.USART1_IRQHandler)
    i.USART3_IRQHandler                      0x0800399c   Section        0  usart.o(i.USART3_IRQHandler)
    i.USART_ClearFlag                        0x080039f0   Section        0  stm32f10x_usart.o(i.USART_ClearFlag)
    i.USART_ClearITPendingBit                0x08003a02   Section        0  stm32f10x_usart.o(i.USART_ClearITPendingBit)
    i.USART_Cmd                              0x08003a20   Section        0  stm32f10x_usart.o(i.USART_Cmd)
    i.USART_GetFlagStatus                    0x08003a38   Section        0  stm32f10x_usart.o(i.USART_GetFlagStatus)
    i.USART_GetITStatus                      0x08003a52   Section        0  stm32f10x_usart.o(i.USART_GetITStatus)
    i.USART_ITConfig                         0x08003aa6   Section        0  stm32f10x_usart.o(i.USART_ITConfig)
    i.USART_Init                             0x08003af0   Section        0  stm32f10x_usart.o(i.USART_Init)
    i.USART_Printf                           0x08003bc8   Section        0  usart.o(i.USART_Printf)
    i.USART_ReceiveData                      0x08003c3c   Section        0  stm32f10x_usart.o(i.USART_ReceiveData)
    i.UsageFault_Handler                     0x08003c46   Section        0  stm32f10x_it.o(i.UsageFault_Handler)
    i.Usart1DrvInit                          0x08003c4c   Section        0  usart.o(i.Usart1DrvInit)
    Usart1DrvInit                            0x08003c4d   Thumb Code   152  usart.o(i.Usart1DrvInit)
    i.Usart3DrvInit                          0x08003cec   Section        0  usart.o(i.Usart3DrvInit)
    Usart3DrvInit                            0x08003ced   Thumb Code   178  usart.o(i.Usart3DrvInit)
    i.__ARM_fpclassify                       0x08003da8   Section        0  fpclassify.o(i.__ARM_fpclassify)
    i._is_digit                              0x08003dd0   Section        0  __printf_wp.o(i._is_digit)
    i.main                                   0x08003de0   Section        0  main.o(i.main)
    locale$$code                             0x08003e64   Section       44  lc_ctype_c.o(locale$$code)
    locale$$code                             0x08003e90   Section       44  lc_numeric_c.o(locale$$code)
    x$fpl$printf1                            0x08003ebc   Section        4  printf1.o(x$fpl$printf1)
    .constdata                               0x08003ec0   Section        8  esp8266.o(.constdata)
    x$fpl$usenofp                            0x08003ec0   Section        0  usenofp.o(x$fpl$usenofp)
    .constdata                               0x08003ec8   Section       17  __printf_flags_ss_wp.o(.constdata)
    maptable                                 0x08003ec8   Data          17  __printf_flags_ss_wp.o(.constdata)
    .constdata                               0x08003edc   Section        8  _printf_wctomb.o(.constdata)
    initial_mbstate                          0x08003edc   Data           8  _printf_wctomb.o(.constdata)
    .constdata                               0x08003ee4   Section       40  _printf_hex_int_ll_ptr.o(.constdata)
    uc_hextab                                0x08003ee4   Data          20  _printf_hex_int_ll_ptr.o(.constdata)
    lc_hextab                                0x08003ef8   Data          20  _printf_hex_int_ll_ptr.o(.constdata)
    .constdata                               0x08003f0c   Section      148  bigflt0.o(.constdata)
    tenpwrs_x                                0x08003f0c   Data          60  bigflt0.o(.constdata)
    tenpwrs_i                                0x08003f48   Data          64  bigflt0.o(.constdata)
    .conststring                             0x08003fa0   Section      293  esp8266.o(.conststring)
    locale$$data                             0x080040e8   Section      272  lc_ctype_c.o(locale$$data)
    __lcctype_c_name                         0x080040ec   Data           2  lc_ctype_c.o(locale$$data)
    __lcctype_c_start                        0x080040f4   Data           0  lc_ctype_c.o(locale$$data)
    locale$$data                             0x080041f8   Section       28  lc_numeric_c.o(locale$$data)
    __lcctype_c_end                          0x080041f8   Data           0  lc_ctype_c.o(locale$$data)
    __lcnum_c_name                           0x080041fc   Data           2  lc_numeric_c.o(locale$$data)
    __lcnum_c_start                          0x08004204   Data           0  lc_numeric_c.o(locale$$data)
    __lcnum_c_point                          0x08004210   Data           0  lc_numeric_c.o(locale$$data)
    __lcnum_c_thousands                      0x08004212   Data           0  lc_numeric_c.o(locale$$data)
    __lcnum_c_grouping                       0x08004213   Data           0  lc_numeric_c.o(locale$$data)
    __lcnum_c_end                            0x08004214   Data           0  lc_numeric_c.o(locale$$data)
    .data                                    0x20000000   Section        5  demo_client.o(.data)
    sg_isEnterAirkissConfig                  0x20000004   Data           1  demo_client.o(.data)
    .data                                    0x20000005   Section       20  stm32f10x_rcc.o(.data)
    APBAHBPrescTable                         0x20000005   Data          16  stm32f10x_rcc.o(.data)
    ADCPrescTable                            0x20000015   Data           4  stm32f10x_rcc.o(.data)
    .data                                    0x2000001c   Section      645  esp8266.o(.data)
    sg_ktCmdTable                            0x2000001c   Data         644  esp8266.o(.data)
    s_lastATCmd                              0x200002a0   Data           1  esp8266.o(.data)
    .data                                    0x200002a1   Section        6  timer.o(.data)
    .bss                                     0x200002a8   Section     6188  usart.o(.bss)
    sg_arrUasrt2RecvBuf                      0x200002a8   Data        2049  usart.o(.bss)
    .bss                                     0x20001ad4   Section     1052  esp8266.o(.bss)
    sg_tEspHandle                            0x20001ad4   Data        1052  esp8266.o(.bss)
    .bss                                     0x20001ef0   Section      132  timer.o(.bss)
    sg_tTIME_Handle                          0x20001ef0   Data         132  timer.o(.bss)
    .bss                                     0x20001f74   Section       96  libspace.o(.bss)
    HEAP                                     0x20001fd8   Section     1024  startup_stm32f10x_md.o(HEAP)
    Heap_Mem                                 0x20001fd8   Data        1024  startup_stm32f10x_md.o(HEAP)
    STACK                                    0x200023d8   Section     2048  startup_stm32f10x_md.o(STACK)
    Stack_Mem                                0x200023d8   Data        2048  startup_stm32f10x_md.o(STACK)
    __initial_sp                             0x20002bd8   Data           0  startup_stm32f10x_md.o(STACK)

    Global Symbols

    Symbol Name                              Value     Ov Type        Size  Object(Section)

    BuildAttributes$$THM_ISAv4$P$D$K$B$S$PE$A:L22UL41UL21$X:L11$S22US41US21$IEEE1$IW$USESV6$~STKCKD$USESV7$~SHL$OTIME$ROPI$IEEEJ$EBA8$UX$STANDARDLIB$REQ8$PRES8$EABIv2 0x00000000   Number         0  anon$$obj.o ABSOLUTE
    __ARM_use_no_argv                        0x00000000   Number         0  main.o ABSOLUTE
    _printf_flags                            0x00000000   Number         0  printf_stubs.o ABSOLUTE
    _printf_return_value                     0x00000000   Number         0  printf_stubs.o ABSOLUTE
    _printf_sizespec                         0x00000000   Number         0  printf_stubs.o ABSOLUTE
    _printf_widthprec                        0x00000000   Number         0  printf_stubs.o ABSOLUTE
    __ARM_exceptions_init                     - Undefined Weak Reference
    __alloca_initialize                       - Undefined Weak Reference
    __arm_preinit_                            - Undefined Weak Reference
    __cpp_initialize__aeabi_                  - Undefined Weak Reference
    __cxa_finalize                            - Undefined Weak Reference
    __sigvec_lookup                           - Undefined Weak Reference
    _atexit_init                              - Undefined Weak Reference
    _call_atexit_fns                          - Undefined Weak Reference
    _clock_init                               - Undefined Weak Reference
    _fp_trap_init                             - Undefined Weak Reference
    _fp_trap_shutdown                         - Undefined Weak Reference
    _get_lc_collate                           - Undefined Weak Reference
    _get_lc_monetary                          - Undefined Weak Reference
    _get_lc_time                              - Undefined Weak Reference
    _getenv_init                              - Undefined Weak Reference
    _handle_redirection                       - Undefined Weak Reference
    _init_alloc                               - Undefined Weak Reference
    _init_user_alloc                          - Undefined Weak Reference
    _initio                                   - Undefined Weak Reference
    _printf_fp_hex                            - Undefined Weak Reference
    _printf_mbtowc                            - Undefined Weak Reference
    _printf_wc                                - Undefined Weak Reference
    _rand_init                                - Undefined Weak Reference
    _signal_finish                            - Undefined Weak Reference
    _signal_init                              - Undefined Weak Reference
    _terminate_alloc                          - Undefined Weak Reference
    _terminate_user_alloc                     - Undefined Weak Reference
    _terminateio                              - Undefined Weak Reference
    __Vectors_Size                           0x000000ec   Number         0  startup_stm32f10x_md.o ABSOLUTE
    __Vectors                                0x08000000   Data           4  startup_stm32f10x_md.o(RESET)
    __Vectors_End                            0x080000ec   Data           0  startup_stm32f10x_md.o(RESET)
    __main                                   0x080000ed   Thumb Code     8  __main.o(!!!main)
    __scatterload                            0x080000f5   Thumb Code     0  __scatter.o(!!!scatter)
    __scatterload_rt2                        0x080000f5   Thumb Code    44  __scatter.o(!!!scatter)
    __scatterload_rt2_thumb_only             0x080000f5   Thumb Code     0  __scatter.o(!!!scatter)
    __scatterload_null                       0x08000103   Thumb Code     0  __scatter.o(!!!scatter)
    __decompress                             0x08000129   Thumb Code    90  __dczerorl2.o(!!dczerorl2)
    __decompress1                            0x08000129   Thumb Code     0  __dczerorl2.o(!!dczerorl2)
    __scatterload_zeroinit                   0x08000185   Thumb Code    28  __scatter_zi.o(!!handler_zi)
    _printf_n                                0x080001a1   Thumb Code     0  _printf_n.o(.ARM.Collect$$_printf_percent$$00000001)
    _printf_percent                          0x080001a1   Thumb Code     0  _printf_percent.o(.ARM.Collect$$_printf_percent$$00000000)
    _printf_p                                0x080001a7   Thumb Code     0  _printf_p.o(.ARM.Collect$$_printf_percent$$00000002)
    _printf_f                                0x080001ad   Thumb Code     0  _printf_f.o(.ARM.Collect$$_printf_percent$$00000003)
    _printf_e                                0x080001b3   Thumb Code     0  _printf_e.o(.ARM.Collect$$_printf_percent$$00000004)
    _printf_g                                0x080001b9   Thumb Code     0  _printf_g.o(.ARM.Collect$$_printf_percent$$00000005)
    _printf_a                                0x080001bf   Thumb Code     0  _printf_a.o(.ARM.Collect$$_printf_percent$$00000006)
    _printf_ll                               0x080001c5   Thumb Code     0  _printf_ll.o(.ARM.Collect$$_printf_percent$$00000007)
    _printf_i                                0x080001cf   Thumb Code     0  _printf_i.o(.ARM.Collect$$_printf_percent$$00000008)
    _printf_d                                0x080001d5   Thumb Code     0  _printf_d.o(.ARM.Collect$$_printf_percent$$00000009)
    _printf_u                                0x080001db   Thumb Code     0  _printf_u.o(.ARM.Collect$$_printf_percent$$0000000A)
    _printf_o                                0x080001e1   Thumb Code     0  _printf_o.o(.ARM.Collect$$_printf_percent$$0000000B)
    _printf_x                                0x080001e7   Thumb Code     0  _printf_x.o(.ARM.Collect$$_printf_percent$$0000000C)
    _printf_lli                              0x080001ed   Thumb Code     0  _printf_lli.o(.ARM.Collect$$_printf_percent$$0000000D)
    _printf_lld                              0x080001f3   Thumb Code     0  _printf_lld.o(.ARM.Collect$$_printf_percent$$0000000E)
    _printf_llu                              0x080001f9   Thumb Code     0  _printf_llu.o(.ARM.Collect$$_printf_percent$$0000000F)
    _printf_llo                              0x080001ff   Thumb Code     0  _printf_llo.o(.ARM.Collect$$_printf_percent$$00000010)
    _printf_llx                              0x08000205   Thumb Code     0  _printf_llx.o(.ARM.Collect$$_printf_percent$$00000011)
    _printf_l                                0x0800020b   Thumb Code     0  _printf_l.o(.ARM.Collect$$_printf_percent$$00000012)
    _printf_c                                0x08000215   Thumb Code     0  _printf_c.o(.ARM.Collect$$_printf_percent$$00000013)
    _printf_s                                0x0800021b   Thumb Code     0  _printf_s.o(.ARM.Collect$$_printf_percent$$00000014)
    _printf_lc                               0x08000221   Thumb Code     0  _printf_lc.o(.ARM.Collect$$_printf_percent$$00000015)
    _printf_ls                               0x08000227   Thumb Code     0  _printf_ls.o(.ARM.Collect$$_printf_percent$$00000016)
    _printf_percent_end                      0x0800022d   Thumb Code     0  _printf_percent_end.o(.ARM.Collect$$_printf_percent$$00000017)
    __rt_lib_init                            0x08000231   Thumb Code     0  libinit.o(.ARM.Collect$$libinit$$00000000)
    __rt_lib_init_fp_1                       0x08000233   Thumb Code     0  libinit2.o(.ARM.Collect$$libinit$$00000002)
    __rt_lib_init_heap_1                     0x08000233   Thumb Code     0  libinit2.o(.ARM.Collect$$libinit$$0000000A)
    __rt_lib_init_lc_common                  0x08000233   Thumb Code     0  libinit2.o(.ARM.Collect$$libinit$$0000000F)
    __rt_lib_init_preinit_1                  0x08000233   Thumb Code     0  libinit2.o(.ARM.Collect$$libinit$$00000004)
    __rt_lib_init_rand_1                     0x08000233   Thumb Code     0  libinit2.o(.ARM.Collect$$libinit$$0000000E)
    __rt_lib_init_user_alloc_1               0x08000233   Thumb Code     0  libinit2.o(.ARM.Collect$$libinit$$0000000C)
    __rt_lib_init_lc_collate_1               0x08000239   Thumb Code     0  libinit2.o(.ARM.Collect$$libinit$$00000011)
    __rt_lib_init_lc_ctype_2                 0x08000239   Thumb Code     0  libinit2.o(.ARM.Collect$$libinit$$00000012)
    __rt_lib_init_lc_ctype_1                 0x08000245   Thumb Code     0  libinit2.o(.ARM.Collect$$libinit$$00000013)
    __rt_lib_init_lc_monetary_1              0x08000245   Thumb Code     0  libinit2.o(.ARM.Collect$$libinit$$00000015)
    __rt_lib_init_lc_numeric_2               0x08000245   Thumb Code     0  libinit2.o(.ARM.Collect$$libinit$$00000016)
    __rt_lib_init_alloca_1                   0x0800024f   Thumb Code     0  libinit2.o(.ARM.Collect$$libinit$$0000002E)
    __rt_lib_init_argv_1                     0x0800024f   Thumb Code     0  libinit2.o(.ARM.Collect$$libinit$$0000002C)
    __rt_lib_init_atexit_1                   0x0800024f   Thumb Code     0  libinit2.o(.ARM.Collect$$libinit$$0000001B)
    __rt_lib_init_clock_1                    0x0800024f   Thumb Code     0  libinit2.o(.ARM.Collect$$libinit$$00000021)
    __rt_lib_init_cpp_1                      0x0800024f   Thumb Code     0  libinit2.o(.ARM.Collect$$libinit$$00000032)
    __rt_lib_init_exceptions_1               0x0800024f   Thumb Code     0  libinit2.o(.ARM.Collect$$libinit$$00000030)
    __rt_lib_init_fp_trap_1                  0x0800024f   Thumb Code     0  libinit2.o(.ARM.Collect$$libinit$$0000001F)
    __rt_lib_init_getenv_1                   0x0800024f   Thumb Code     0  libinit2.o(.ARM.Collect$$libinit$$00000023)
    __rt_lib_init_lc_numeric_1               0x0800024f   Thumb Code     0  libinit2.o(.ARM.Collect$$libinit$$00000017)
    __rt_lib_init_lc_time_1                  0x0800024f   Thumb Code     0  libinit2.o(.ARM.Collect$$libinit$$00000019)
    __rt_lib_init_return                     0x0800024f   Thumb Code     0  libinit2.o(.ARM.Collect$$libinit$$00000033)
    __rt_lib_init_signal_1                   0x0800024f   Thumb Code     0  libinit2.o(.ARM.Collect$$libinit$$0000001D)
    __rt_lib_init_stdio_1                    0x0800024f   Thumb Code     0  libinit2.o(.ARM.Collect$$libinit$$00000025)
    __rt_lib_shutdown                        0x08000251   Thumb Code     0  libshutdown.o(.ARM.Collect$$libshutdown$$00000000)
    __rt_lib_shutdown_cpp_1                  0x08000253   Thumb Code     0  libshutdown2.o(.ARM.Collect$$libshutdown$$00000002)
    __rt_lib_shutdown_fp_trap_1              0x08000253   Thumb Code     0  libshutdown2.o(.ARM.Collect$$libshutdown$$00000007)
    __rt_lib_shutdown_heap_1                 0x08000253   Thumb Code     0  libshutdown2.o(.ARM.Collect$$libshutdown$$0000000F)
    __rt_lib_shutdown_return                 0x08000253   Thumb Code     0  libshutdown2.o(.ARM.Collect$$libshutdown$$00000010)
    __rt_lib_shutdown_signal_1               0x08000253   Thumb Code     0  libshutdown2.o(.ARM.Collect$$libshutdown$$0000000A)
    __rt_lib_shutdown_stdio_1                0x08000253   Thumb Code     0  libshutdown2.o(.ARM.Collect$$libshutdown$$00000004)
    __rt_lib_shutdown_user_alloc_1           0x08000253   Thumb Code     0  libshutdown2.o(.ARM.Collect$$libshutdown$$0000000C)
    __rt_entry                               0x08000255   Thumb Code     0  __rtentry.o(.ARM.Collect$$rtentry$$00000000)
    __rt_entry_presh_1                       0x08000255   Thumb Code     0  __rtentry2.o(.ARM.Collect$$rtentry$$00000002)
    __rt_entry_sh                            0x08000255   Thumb Code     0  __rtentry4.o(.ARM.Collect$$rtentry$$00000004)
    __rt_entry_li                            0x0800025b   Thumb Code     0  __rtentry2.o(.ARM.Collect$$rtentry$$0000000A)
    __rt_entry_postsh_1                      0x0800025b   Thumb Code     0  __rtentry2.o(.ARM.Collect$$rtentry$$00000009)
    __rt_entry_main                          0x0800025f   Thumb Code     0  __rtentry2.o(.ARM.Collect$$rtentry$$0000000D)
    __rt_entry_postli_1                      0x0800025f   Thumb Code     0  __rtentry2.o(.ARM.Collect$$rtentry$$0000000C)
    __rt_exit                                0x08000267   Thumb Code     0  rtexit.o(.ARM.Collect$$rtexit$$00000000)
    __rt_exit_ls                             0x08000269   Thumb Code     0  rtexit2.o(.ARM.Collect$$rtexit$$00000003)
    __rt_exit_prels_1                        0x08000269   Thumb Code     0  rtexit2.o(.ARM.Collect$$rtexit$$00000002)
    __rt_exit_exit                           0x0800026d   Thumb Code     0  rtexit2.o(.ARM.Collect$$rtexit$$00000004)
    Reset_Handler                            0x08000275   Thumb Code     8  startup_stm32f10x_md.o(.text)
    ADC1_2_IRQHandler                        0x0800028f   Thumb Code     0  startup_stm32f10x_md.o(.text)
    CAN1_RX1_IRQHandler                      0x0800028f   Thumb Code     0  startup_stm32f10x_md.o(.text)
    CAN1_SCE_IRQHandler                      0x0800028f   Thumb Code     0  startup_stm32f10x_md.o(.text)
    DMA1_Channel1_IRQHandler                 0x0800028f   Thumb Code     0  startup_stm32f10x_md.o(.text)
    DMA1_Channel2_IRQHandler                 0x0800028f   Thumb Code     0  startup_stm32f10x_md.o(.text)
    DMA1_Channel3_IRQHandler                 0x0800028f   Thumb Code     0  startup_stm32f10x_md.o(.text)
    DMA1_Channel4_IRQHandler                 0x0800028f   Thumb Code     0  startup_stm32f10x_md.o(.text)
    DMA1_Channel5_IRQHandler                 0x0800028f   Thumb Code     0  startup_stm32f10x_md.o(.text)
    DMA1_Channel6_IRQHandler                 0x0800028f   Thumb Code     0  startup_stm32f10x_md.o(.text)
    DMA1_Channel7_IRQHandler                 0x0800028f   Thumb Code     0  startup_stm32f10x_md.o(.text)
    EXTI0_IRQHandler                         0x0800028f   Thumb Code     0  startup_stm32f10x_md.o(.text)
    EXTI15_10_IRQHandler                     0x0800028f   Thumb Code     0  startup_stm32f10x_md.o(.text)
    EXTI1_IRQHandler                         0x0800028f   Thumb Code     0  startup_stm32f10x_md.o(.text)
    EXTI2_IRQHandler                         0x0800028f   Thumb Code     0  startup_stm32f10x_md.o(.text)
    EXTI3_IRQHandler                         0x0800028f   Thumb Code     0  startup_stm32f10x_md.o(.text)
    EXTI4_IRQHandler                         0x0800028f   Thumb Code     0  startup_stm32f10x_md.o(.text)
    EXTI9_5_IRQHandler                       0x0800028f   Thumb Code     0  startup_stm32f10x_md.o(.text)
    FLASH_IRQHandler                         0x0800028f   Thumb Code     0  startup_stm32f10x_md.o(.text)
    I2C1_ER_IRQHandler                       0x0800028f   Thumb Code     0  startup_stm32f10x_md.o(.text)
    I2C1_EV_IRQHandler                       0x0800028f   Thumb Code     0  startup_stm32f10x_md.o(.text)
    I2C2_ER_IRQHandler                       0x0800028f   Thumb Code     0  startup_stm32f10x_md.o(.text)
    I2C2_EV_IRQHandler                       0x0800028f   Thumb Code     0  startup_stm32f10x_md.o(.text)
    PVD_IRQHandler                           0x0800028f   Thumb Code     0  startup_stm32f10x_md.o(.text)
    RCC_IRQHandler                           0x0800028f   Thumb Code     0  startup_stm32f10x_md.o(.text)
    RTCAlarm_IRQHandler                      0x0800028f   Thumb Code     0  startup_stm32f10x_md.o(.text)
    RTC_IRQHandler                           0x0800028f   Thumb Code     0  startup_stm32f10x_md.o(.text)
    SPI1_IRQHandler                          0x0800028f   Thumb Code     0  startup_stm32f10x_md.o(.text)
    SPI2_IRQHandler                          0x0800028f   Thumb Code     0  startup_stm32f10x_md.o(.text)
    TAMPER_IRQHandler                        0x0800028f   Thumb Code     0  startup_stm32f10x_md.o(.text)
    TIM1_BRK_IRQHandler                      0x0800028f   Thumb Code     0  startup_stm32f10x_md.o(.text)
    TIM1_CC_IRQHandler                       0x0800028f   Thumb Code     0  startup_stm32f10x_md.o(.text)
    TIM1_TRG_COM_IRQHandler                  0x0800028f   Thumb Code     0  startup_stm32f10x_md.o(.text)
    TIM1_UP_IRQHandler                       0x0800028f   Thumb Code     0  startup_stm32f10x_md.o(.text)
    TIM2_IRQHandler                          0x0800028f   Thumb Code     0  startup_stm32f10x_md.o(.text)
    TIM4_IRQHandler                          0x0800028f   Thumb Code     0  startup_stm32f10x_md.o(.text)
    USART2_IRQHandler                        0x0800028f   Thumb Code     0  startup_stm32f10x_md.o(.text)
    USBWakeUp_IRQHandler                     0x0800028f   Thumb Code     0  startup_stm32f10x_md.o(.text)
    USB_HP_CAN1_TX_IRQHandler                0x0800028f   Thumb Code     0  startup_stm32f10x_md.o(.text)
    USB_LP_CAN1_RX0_IRQHandler               0x0800028f   Thumb Code     0  startup_stm32f10x_md.o(.text)
    WWDG_IRQHandler                          0x0800028f   Thumb Code     0  startup_stm32f10x_md.o(.text)
    __user_initial_stackheap                 0x08000291   Thumb Code     0  startup_stm32f10x_md.o(.text)
    __c89vsnprintf                           0x080002b5   Thumb Code    48  c89vsnprintf.o(.text)
    __2snprintf                              0x080002e9   Thumb Code    50  __2snprintf.o(.text)
    _printf_str                              0x08000321   Thumb Code    82  _printf_str.o(.text)
    _printf_int_dec                          0x08000375   Thumb Code   104  _printf_dec.o(.text)
    __printf                                 0x080003ed   Thumb Code   388  __printf_flags_ss_wp.o(.text)
    atoi                                     0x08000575   Thumb Code    26  atoi.o(.text)
    strstr                                   0x0800058f   Thumb Code    36  strstr.o(.text)
    strlen                                   0x080005b3   Thumb Code    62  strlen.o(.text)
    __aeabi_memcpy                           0x080005f1   Thumb Code     0  rt_memcpy_v6.o(.text)
    __rt_memcpy                              0x080005f1   Thumb Code   138  rt_memcpy_v6.o(.text)
    _memcpy_lastbytes                        0x08000657   Thumb Code     0  rt_memcpy_v6.o(.text)
    __aeabi_memcpy4                          0x0800067b   Thumb Code     0  rt_memcpy_w.o(.text)
    __aeabi_memcpy8                          0x0800067b   Thumb Code     0  rt_memcpy_w.o(.text)
    __rt_memcpy_w                            0x0800067b   Thumb Code   100  rt_memcpy_w.o(.text)
    _memcpy_lastbytes_aligned                0x080006c3   Thumb Code     0  rt_memcpy_w.o(.text)
    __aeabi_memclr                           0x080006df   Thumb Code     0  rt_memclr.o(.text)
    __rt_memclr                              0x080006df   Thumb Code    68  rt_memclr.o(.text)
    _memset                                  0x080006e3   Thumb Code     0  rt_memclr.o(.text)
    __aeabi_memclr4                          0x08000723   Thumb Code     0  rt_memclr_w.o(.text)
    __aeabi_memclr8                          0x08000723   Thumb Code     0  rt_memclr_w.o(.text)
    __rt_memclr_w                            0x08000723   Thumb Code    78  rt_memclr_w.o(.text)
    _memset_w                                0x08000727   Thumb Code     0  rt_memclr_w.o(.text)
    __use_two_region_memory                  0x08000771   Thumb Code     2  heapauxi.o(.text)
    __rt_heap_escrow$2region                 0x08000773   Thumb Code     2  heapauxi.o(.text)
    __rt_heap_expand$2region                 0x08000775   Thumb Code     2  heapauxi.o(.text)
    __aeabi_errno_addr                       0x08000779   Thumb Code     8  rt_errno_addr_intlibspace.o(.text)
    __errno$intlibspace                      0x08000779   Thumb Code     0  rt_errno_addr_intlibspace.o(.text)
    __rt_errno_addr$intlibspace              0x08000779   Thumb Code     0  rt_errno_addr_intlibspace.o(.text)
    _printf_pre_padding                      0x08000781   Thumb Code    44  _printf_pad.o(.text)
    _printf_post_padding                     0x080007ad   Thumb Code    34  _printf_pad.o(.text)
    _printf_truncate_signed                  0x080007cf   Thumb Code    18  _printf_truncate.o(.text)
    _printf_truncate_unsigned                0x080007e1   Thumb Code    18  _printf_truncate.o(.text)
    _printf_int_common                       0x080007f3   Thumb Code   178  _printf_intcommon.o(.text)
    _printf_charcount                        0x080008a5   Thumb Code    40  _printf_charcount.o(.text)
    _printf_char_common                      0x080008d7   Thumb Code    32  _printf_char_common.o(.text)
    _sputc                                   0x080008fd   Thumb Code    10  _sputc.o(.text)
    _snputc                                  0x08000907   Thumb Code    16  _snputc.o(.text)
    _printf_cs_common                        0x08000917   Thumb Code    20  _printf_char.o(.text)
    _printf_char                             0x0800092b   Thumb Code    16  _printf_char.o(.text)
    _printf_string                           0x0800093b   Thumb Code     8  _printf_char.o(.text)
    _printf_wctomb                           0x08000945   Thumb Code   182  _printf_wctomb.o(.text)
    _printf_longlong_dec                     0x08000a01   Thumb Code   108  _printf_longlong_dec.o(.text)
    _printf_longlong_oct                     0x08000a7d   Thumb Code    66  _printf_oct_int_ll.o(.text)
    _printf_int_oct                          0x08000abf   Thumb Code    24  _printf_oct_int_ll.o(.text)
    _printf_ll_oct                           0x08000ad7   Thumb Code    12  _printf_oct_int_ll.o(.text)
    _printf_longlong_hex                     0x08000aed   Thumb Code    86  _printf_hex_int_ll_ptr.o(.text)
    _printf_int_hex                          0x08000b43   Thumb Code    28  _printf_hex_int_ll_ptr.o(.text)
    _printf_ll_hex                           0x08000b5f   Thumb Code    12  _printf_hex_int_ll_ptr.o(.text)
    _printf_hex_ptr                          0x08000b6b   Thumb Code    18  _printf_hex_int_ll_ptr.o(.text)
    strtol                                   0x08000b81   Thumb Code   112  strtol.o(.text)
    __user_libspace                          0x08000bf1   Thumb Code     8  libspace.o(.text)
    __user_perproc_libspace                  0x08000bf1   Thumb Code     0  libspace.o(.text)
    __user_perthread_libspace                0x08000bf1   Thumb Code     0  libspace.o(.text)
    __rt_ctype_table                         0x08000bf9   Thumb Code    16  rt_ctype_table.o(.text)
    _ll_udiv10                               0x08000c09   Thumb Code   138  lludiv10.o(.text)
    __lib_sel_fp_printf                      0x08000c93   Thumb Code     2  _printf_fp_dec.o(.text)
    _printf_fp_dec_real                      0x08000e45   Thumb Code   620  _printf_fp_dec.o(.text)
    _printf_lcs_common                       0x080010b1   Thumb Code    20  _printf_wchar.o(.text)
    _printf_wchar                            0x080010c5   Thumb Code    16  _printf_wchar.o(.text)
    _printf_wstring                          0x080010d5   Thumb Code     8  _printf_wchar.o(.text)
    _strtoul                                 0x080010dd   Thumb Code   158  _strtoul.o(.text)
    _wcrtomb                                 0x0800117b   Thumb Code    64  _wcrtomb.o(.text)
    __user_setup_stackheap                   0x080011bb   Thumb Code    74  sys_stackheap_outer.o(.text)
    __rt_locale                              0x08001205   Thumb Code     8  rt_locale_intlibspace.o(.text)
    _printf_fp_infnan                        0x0800120d   Thumb Code   112  _printf_fp_infnan.o(.text)
    _chval                                   0x0800128d   Thumb Code    28  _chval.o(.text)
    _btod_etento                             0x080012a9   Thumb Code   224  bigflt0.o(.text)
    exit                                     0x0800138d   Thumb Code    18  exit.o(.text)
    strcmp                                   0x080013a1   Thumb Code   128  strcmpv7m.o(.text)
    _sys_exit                                0x08001421   Thumb Code     8  sys_exit.o(.text)
    __I$use$semihosting                      0x0800142d   Thumb Code     0  use_no_semi.o(.text)
    __use_no_semihosting_swi                 0x0800142d   Thumb Code     2  use_no_semi.o(.text)
    __semihosting_library_function           0x0800142f   Thumb Code     0  indicate_semi.o(.text)
    _btod_d2e                                0x0800142f   Thumb Code    62  btod.o(CL$$btod_d2e)
    _d2e_denorm_low                          0x0800146d   Thumb Code    70  btod.o(CL$$btod_d2e_denorm_low)
    _d2e_norm_op1                            0x080014b3   Thumb Code    96  btod.o(CL$$btod_d2e_norm_op1)
    __btod_div_common                        0x08001513   Thumb Code   696  btod.o(CL$$btod_div_common)
    _e2e                                     0x0800184b   Thumb Code   220  btod.o(CL$$btod_e2e)
    _btod_ediv                               0x08001927   Thumb Code    42  btod.o(CL$$btod_ediv)
    _btod_emul                               0x08001951   Thumb Code    42  btod.o(CL$$btod_emul)
    __btod_mult_common                       0x0800197b   Thumb Code   580  btod.o(CL$$btod_mult_common)
    BusFault_Handler                         0x08001ca7   Thumb Code     4  stm32f10x_it.o(i.BusFault_Handler)
    DebugMon_Handler                         0x08001cab   Thumb Code     2  stm32f10x_it.o(i.DebugMon_Handler)
    DemoClientInit                           0x08001cf9   Thumb Code    20  demo_client.o(i.DemoClientInit)
    DemoClientTask                           0x08001d15   Thumb Code    58  demo_client.o(i.DemoClientTask)
    ESP_EnterAirkissConfigWifi               0x08001d65   Thumb Code    34  esp8266.o(i.ESP_EnterAirkissConfigWifi)
    ESP_ExitAirkissConfigWifi                0x08001d8d   Thumb Code    22  esp8266.o(i.ESP_ExitAirkissConfigWifi)
    ESP_GetTcpConnectStatus                  0x08001da9   Thumb Code    26  esp8266.o(i.ESP_GetTcpConnectStatus)
    ESP_GetWifiConnectStatus                 0x08001dc9   Thumb Code     8  esp8266.o(i.ESP_GetWifiConnectStatus)
    ESP_Init                                 0x08001dd5   Thumb Code    40  esp8266.o(i.ESP_Init)
    ESP_OnReciveParseUsartData               0x08001e05   Thumb Code    96  esp8266.o(i.ESP_OnReciveParseUsartData)
    ESP_RunTask                              0x08001e8d   Thumb Code    24  esp8266.o(i.ESP_RunTask)
    ESP_SendNetData                          0x08001ea9   Thumb Code    78  esp8266.o(i.ESP_SendNetData)
    ESP_SetNetDataRecv                       0x08001f01   Thumb Code    32  esp8266.o(i.ESP_SetNetDataRecv)
    ESP_SetWorkMode                          0x08001f25   Thumb Code    74  esp8266.o(i.ESP_SetWorkMode)
    FML_TIME_Init                            0x08001fb5   Thumb Code    22  timer.o(i.FML_TIME_Init)
    FML_TIME_Register                        0x08001fd1   Thumb Code    64  timer.o(i.FML_TIME_Register)
    FML_USART_Init                           0x08002015   Thumb Code    42  usart.o(i.FML_USART_Init)
    FML_USART_MillisecondTimer               0x0800204d   Thumb Code   106  usart.o(i.FML_USART_MillisecondTimer)
    FML_USART_RecvTask                       0x080020bd   Thumb Code   192  usart.o(i.FML_USART_RecvTask)
    FML_USART_Register                       0x08002181   Thumb Code    74  usart.o(i.FML_USART_Register)
    FML_USART_Transmit                       0x080021d1   Thumb Code   156  usart.o(i.FML_USART_Transmit)
    GPIO_Init                                0x08002275   Thumb Code   278  stm32f10x_gpio.o(i.GPIO_Init)
    GPIO_SetBits                             0x0800238b   Thumb Code     4  stm32f10x_gpio.o(i.GPIO_SetBits)
    HardFault_Handler                        0x0800238f   Thumb Code     4  stm32f10x_it.o(i.HardFault_Handler)
    MemManage_Handler                        0x0800258d   Thumb Code     4  stm32f10x_it.o(i.MemManage_Handler)
    NMI_Handler                              0x08002591   Thumb Code     2  stm32f10x_it.o(i.NMI_Handler)
    NVIC_Init                                0x08002595   Thumb Code   100  misc.o(i.NVIC_Init)
    OnEnterAirkissConfigWifiAck              0x08002605   Thumb Code    36  demo_client.o(i.OnEnterAirkissConfigWifiAck)
    OnRecvNetData                            0x080029fd   Thumb Code    28  demo_client.o(i.OnRecvNetData)
    OnSendNetDataAck                         0x08002a3d   Thumb Code    26  demo_client.o(i.OnSendNetDataAck)
    OnSetWorkModeAck                         0x08002a75   Thumb Code    42  demo_client.o(i.OnSetWorkModeAck)
    PendSV_Handler                           0x08002f89   Thumb Code     2  stm32f10x_it.o(i.PendSV_Handler)
    RCC_APB1PeriphClockCmd                   0x080031d5   Thumb Code    26  stm32f10x_rcc.o(i.RCC_APB1PeriphClockCmd)
    RCC_APB1PeriphResetCmd                   0x080031f5   Thumb Code    26  stm32f10x_rcc.o(i.RCC_APB1PeriphResetCmd)
    RCC_APB2PeriphClockCmd                   0x08003215   Thumb Code    26  stm32f10x_rcc.o(i.RCC_APB2PeriphClockCmd)
    RCC_GetClocksFreq                        0x08003235   Thumb Code   192  stm32f10x_rcc.o(i.RCC_GetClocksFreq)
    SVC_Handler                              0x08003405   Thumb Code     2  stm32f10x_it.o(i.SVC_Handler)
    SysTick_Handler                          0x08003633   Thumb Code     2  stm32f10x_it.o(i.SysTick_Handler)
    SystemInit                               0x08003635   Thumb Code    78  system_stm32f10x.o(i.SystemInit)
    TIM3_IRQHandler                          0x08003695   Thumb Code   334  timer.o(i.TIM3_IRQHandler)
    TIME_Init                                0x080037f1   Thumb Code    90  timer.o(i.TIME_Init)
    TIM_ClearITPendingBit                    0x08003851   Thumb Code     6  stm32f10x_tim.o(i.TIM_ClearITPendingBit)
    TIM_Cmd                                  0x08003857   Thumb Code    24  stm32f10x_tim.o(i.TIM_Cmd)
    TIM_GetITStatus                          0x0800386f   Thumb Code    34  stm32f10x_tim.o(i.TIM_GetITStatus)
    TIM_ITConfig                             0x08003891   Thumb Code    18  stm32f10x_tim.o(i.TIM_ITConfig)
    TIM_TimeBaseInit                         0x080038a5   Thumb Code   122  stm32f10x_tim.o(i.TIM_TimeBaseInit)
    USART1_IRQHandler                        0x08003949   Thumb Code    74  usart.o(i.USART1_IRQHandler)
    USART3_IRQHandler                        0x0800399d   Thumb Code    74  usart.o(i.USART3_IRQHandler)
    USART_ClearFlag                          0x080039f1   Thumb Code    18  stm32f10x_usart.o(i.USART_ClearFlag)
    USART_ClearITPendingBit                  0x08003a03   Thumb Code    30  stm32f10x_usart.o(i.USART_ClearITPendingBit)
    USART_Cmd                                0x08003a21   Thumb Code    24  stm32f10x_usart.o(i.USART_Cmd)
    USART_GetFlagStatus                      0x08003a39   Thumb Code    26  stm32f10x_usart.o(i.USART_GetFlagStatus)
    USART_GetITStatus                        0x08003a53   Thumb Code    84  stm32f10x_usart.o(i.USART_GetITStatus)
    USART_ITConfig                           0x08003aa7   Thumb Code    74  stm32f10x_usart.o(i.USART_ITConfig)
    USART_Init                               0x08003af1   Thumb Code   210  stm32f10x_usart.o(i.USART_Init)
    USART_Printf                             0x08003bc9   Thumb Code   110  usart.o(i.USART_Printf)
    USART_ReceiveData                        0x08003c3d   Thumb Code    10  stm32f10x_usart.o(i.USART_ReceiveData)
    UsageFault_Handler                       0x08003c47   Thumb Code     4  stm32f10x_it.o(i.UsageFault_Handler)
    __ARM_fpclassify                         0x08003da9   Thumb Code    40  fpclassify.o(i.__ARM_fpclassify)
    _is_digit                                0x08003dd1   Thumb Code    14  __printf_wp.o(i._is_digit)
    main                                     0x08003de1   Thumb Code   120  main.o(i.main)
    _get_lc_ctype                            0x08003e65   Thumb Code    44  lc_ctype_c.o(locale$$code)
    _get_lc_numeric                          0x08003e91   Thumb Code    44  lc_numeric_c.o(locale$$code)
    _printf_fp_dec                           0x08003ebd   Thumb Code     4  printf1.o(x$fpl$printf1)
    __I$use$fp                               0x08003ec0   Number         0  usenofp.o(x$fpl$usenofp)
    Region$$Table$$Base                      0x080040c8   Number         0  anon$$obj.o(Region$$Table)
    Region$$Table$$Limit                     0x080040e8   Number         0  anon$$obj.o(Region$$Table)
    __ctype                                  0x080040f5   Data           0  lc_ctype_c.o(locale$$data)
    isWifiHostSuccess                        0x20000000   Data           1  demo_client.o(.data)
    sg_sendDataFlag                          0x20000002   Data           2  demo_client.o(.data)
    g_tTimeSign                              0x200002a1   Data           6  timer.o(.data)
    sg_tUsartDriveHandle                     0x20000aac   Data        4136  usart.o(.bss)
    __libspace_start                         0x20001f74   Data          96  libspace.o(.bss)
    __temporary_stack_top$libspace           0x20001fd4   Data           0  libspace.o(.bss)



==============================================================================

Memory Map of the image

  Image Entry point : 0x080000ed

  Load Region LR_IROM1 (Base: 0x08000000, Size: 0x000044bc, Max: 0x00010000, ABSOLUTE, COMPRESSED[0x000042fc])

    Execution Region ER_IROM1 (Exec base: 0x08000000, Load base: 0x08000000, Size: 0x00004214, Max: 0x00010000, ABSOLUTE)

    Exec Addr    Load Addr    Size         Type   Attr      Idx    E Section Name        Object

    0x08000000   0x08000000   0x000000ec   Data   RO          512    RESET               startup_stm32f10x_md.o
    0x080000ec   0x080000ec   0x00000008   Code   RO         2195  * !!!main             c_w.l(__main.o)
    0x080000f4   0x080000f4   0x00000034   Code   RO         2509    !!!scatter          c_w.l(__scatter.o)
    0x08000128   0x08000128   0x0000005a   Code   RO         2507    !!dczerorl2         c_w.l(__dczerorl2.o)
    0x08000182   0x08000182   0x00000002   PAD
    0x08000184   0x08000184   0x0000001c   Code   RO         2511    !!handler_zi        c_w.l(__scatter_zi.o)
    0x080001a0   0x080001a0   0x00000000   Code   RO         2175    .ARM.Collect$$_printf_percent$$00000000  c_w.l(_printf_percent.o)
    0x080001a0   0x080001a0   0x00000006   Code   RO         2256    .ARM.Collect$$_printf_percent$$00000001  c_w.l(_printf_n.o)
    0x080001a6   0x080001a6   0x00000006   Code   RO         2258    .ARM.Collect$$_printf_percent$$00000002  c_w.l(_printf_p.o)
    0x080001ac   0x080001ac   0x00000006   Code   RO         2262    .ARM.Collect$$_printf_percent$$00000003  c_w.l(_printf_f.o)
    0x080001b2   0x080001b2   0x00000006   Code   RO         2263    .ARM.Collect$$_printf_percent$$00000004  c_w.l(_printf_e.o)
    0x080001b8   0x080001b8   0x00000006   Code   RO         2264    .ARM.Collect$$_printf_percent$$00000005  c_w.l(_printf_g.o)
    0x080001be   0x080001be   0x00000006   Code   RO         2265    .ARM.Collect$$_printf_percent$$00000006  c_w.l(_printf_a.o)
    0x080001c4   0x080001c4   0x0000000a   Code   RO         2270    .ARM.Collect$$_printf_percent$$00000007  c_w.l(_printf_ll.o)
    0x080001ce   0x080001ce   0x00000006   Code   RO         2260    .ARM.Collect$$_printf_percent$$00000008  c_w.l(_printf_i.o)
    0x080001d4   0x080001d4   0x00000006   Code   RO         2174    .ARM.Collect$$_printf_percent$$00000009  c_w.l(_printf_d.o)
    0x080001da   0x080001da   0x00000006   Code   RO         2261    .ARM.Collect$$_printf_percent$$0000000A  c_w.l(_printf_u.o)
    0x080001e0   0x080001e0   0x00000006   Code   RO         2259    .ARM.Collect$$_printf_percent$$0000000B  c_w.l(_printf_o.o)
    0x080001e6   0x080001e6   0x00000006   Code   RO         2257    .ARM.Collect$$_printf_percent$$0000000C  c_w.l(_printf_x.o)
    0x080001ec   0x080001ec   0x00000006   Code   RO         2267    .ARM.Collect$$_printf_percent$$0000000D  c_w.l(_printf_lli.o)
    0x080001f2   0x080001f2   0x00000006   Code   RO         2268    .ARM.Collect$$_printf_percent$$0000000E  c_w.l(_printf_lld.o)
    0x080001f8   0x080001f8   0x00000006   Code   RO         2269    .ARM.Collect$$_printf_percent$$0000000F  c_w.l(_printf_llu.o)
    0x080001fe   0x080001fe   0x00000006   Code   RO         2274    .ARM.Collect$$_printf_percent$$00000010  c_w.l(_printf_llo.o)
    0x08000204   0x08000204   0x00000006   Code   RO         2275    .ARM.Collect$$_printf_percent$$00000011  c_w.l(_printf_llx.o)
    0x0800020a   0x0800020a   0x0000000a   Code   RO         2271    .ARM.Collect$$_printf_percent$$00000012  c_w.l(_printf_l.o)
    0x08000214   0x08000214   0x00000006   Code   RO         2255    .ARM.Collect$$_printf_percent$$00000013  c_w.l(_printf_c.o)
    0x0800021a   0x0800021a   0x00000006   Code   RO         2173    .ARM.Collect$$_printf_percent$$00000014  c_w.l(_printf_s.o)
    0x08000220   0x08000220   0x00000006   Code   RO         2272    .ARM.Collect$$_printf_percent$$00000015  c_w.l(_printf_lc.o)
    0x08000226   0x08000226   0x00000006   Code   RO         2273    .ARM.Collect$$_printf_percent$$00000016  c_w.l(_printf_ls.o)
    0x0800022c   0x0800022c   0x00000004   Code   RO         2266    .ARM.Collect$$_printf_percent$$00000017  c_w.l(_printf_percent_end.o)
    0x08000230   0x08000230   0x00000002   Code   RO         2373    .ARM.Collect$$libinit$$00000000  c_w.l(libinit.o)
    0x08000232   0x08000232   0x00000000   Code   RO         2390    .ARM.Collect$$libinit$$00000002  c_w.l(libinit2.o)
    0x08000232   0x08000232   0x00000000   Code   RO         2392    .ARM.Collect$$libinit$$00000004  c_w.l(libinit2.o)
    0x08000232   0x08000232   0x00000000   Code   RO         2395    .ARM.Collect$$libinit$$0000000A  c_w.l(libinit2.o)
    0x08000232   0x08000232   0x00000000   Code   RO         2397    .ARM.Collect$$libinit$$0000000C  c_w.l(libinit2.o)
    0x08000232   0x08000232   0x00000000   Code   RO         2399    .ARM.Collect$$libinit$$0000000E  c_w.l(libinit2.o)
    0x08000232   0x08000232   0x00000006   Code   RO         2400    .ARM.Collect$$libinit$$0000000F  c_w.l(libinit2.o)
    0x08000238   0x08000238   0x00000000   Code   RO         2402    .ARM.Collect$$libinit$$00000011  c_w.l(libinit2.o)
    0x08000238   0x08000238   0x0000000c   Code   RO         2403    .ARM.Collect$$libinit$$00000012  c_w.l(libinit2.o)
    0x08000244   0x08000244   0x00000000   Code   RO         2404    .ARM.Collect$$libinit$$00000013  c_w.l(libinit2.o)
    0x08000244   0x08000244   0x00000000   Code   RO         2406    .ARM.Collect$$libinit$$00000015  c_w.l(libinit2.o)
    0x08000244   0x08000244   0x0000000a   Code   RO         2407    .ARM.Collect$$libinit$$00000016  c_w.l(libinit2.o)
    0x0800024e   0x0800024e   0x00000000   Code   RO         2408    .ARM.Collect$$libinit$$00000017  c_w.l(libinit2.o)
    0x0800024e   0x0800024e   0x00000000   Code   RO         2410    .ARM.Collect$$libinit$$00000019  c_w.l(libinit2.o)
    0x0800024e   0x0800024e   0x00000000   Code   RO         2412    .ARM.Collect$$libinit$$0000001B  c_w.l(libinit2.o)
    0x0800024e   0x0800024e   0x00000000   Code   RO         2414    .ARM.Collect$$libinit$$0000001D  c_w.l(libinit2.o)
    0x0800024e   0x0800024e   0x00000000   Code   RO         2416    .ARM.Collect$$libinit$$0000001F  c_w.l(libinit2.o)
    0x0800024e   0x0800024e   0x00000000   Code   RO         2418    .ARM.Collect$$libinit$$00000021  c_w.l(libinit2.o)
    0x0800024e   0x0800024e   0x00000000   Code   RO         2420    .ARM.Collect$$libinit$$00000023  c_w.l(libinit2.o)
    0x0800024e   0x0800024e   0x00000000   Code   RO         2422    .ARM.Collect$$libinit$$00000025  c_w.l(libinit2.o)
    0x0800024e   0x0800024e   0x00000000   Code   RO         2426    .ARM.Collect$$libinit$$0000002C  c_w.l(libinit2.o)
    0x0800024e   0x0800024e   0x00000000   Code   RO         2428    .ARM.Collect$$libinit$$0000002E  c_w.l(libinit2.o)
    0x0800024e   0x0800024e   0x00000000   Code   RO         2430    .ARM.Collect$$libinit$$00000030  c_w.l(libinit2.o)
    0x0800024e   0x0800024e   0x00000000   Code   RO         2432    .ARM.Collect$$libinit$$00000032  c_w.l(libinit2.o)
    0x0800024e   0x0800024e   0x00000002   Code   RO         2433    .ARM.Collect$$libinit$$00000033  c_w.l(libinit2.o)
    0x08000250   0x08000250   0x00000002   Code   RO         2464    .ARM.Collect$$libshutdown$$00000000  c_w.l(libshutdown.o)
    0x08000252   0x08000252   0x00000000   Code   RO         2490    .ARM.Collect$$libshutdown$$00000002  c_w.l(libshutdown2.o)
    0x08000252   0x08000252   0x00000000   Code   RO         2492    .ARM.Collect$$libshutdown$$00000004  c_w.l(libshutdown2.o)
    0x08000252   0x08000252   0x00000000   Code   RO         2495    .ARM.Collect$$libshutdown$$00000007  c_w.l(libshutdown2.o)
    0x08000252   0x08000252   0x00000000   Code   RO         2498    .ARM.Collect$$libshutdown$$0000000A  c_w.l(libshutdown2.o)
    0x08000252   0x08000252   0x00000000   Code   RO         2500    .ARM.Collect$$libshutdown$$0000000C  c_w.l(libshutdown2.o)
    0x08000252   0x08000252   0x00000000   Code   RO         2503    .ARM.Collect$$libshutdown$$0000000F  c_w.l(libshutdown2.o)
    0x08000252   0x08000252   0x00000002   Code   RO         2504    .ARM.Collect$$libshutdown$$00000010  c_w.l(libshutdown2.o)
    0x08000254   0x08000254   0x00000000   Code   RO         2197    .ARM.Collect$$rtentry$$00000000  c_w.l(__rtentry.o)
    0x08000254   0x08000254   0x00000000   Code   RO         2286    .ARM.Collect$$rtentry$$00000002  c_w.l(__rtentry2.o)
    0x08000254   0x08000254   0x00000006   Code   RO         2298    .ARM.Collect$$rtentry$$00000004  c_w.l(__rtentry4.o)
    0x0800025a   0x0800025a   0x00000000   Code   RO         2288    .ARM.Collect$$rtentry$$00000009  c_w.l(__rtentry2.o)
    0x0800025a   0x0800025a   0x00000004   Code   RO         2289    .ARM.Collect$$rtentry$$0000000A  c_w.l(__rtentry2.o)
    0x0800025e   0x0800025e   0x00000000   Code   RO         2291    .ARM.Collect$$rtentry$$0000000C  c_w.l(__rtentry2.o)
    0x0800025e   0x0800025e   0x00000008   Code   RO         2292    .ARM.Collect$$rtentry$$0000000D  c_w.l(__rtentry2.o)
    0x08000266   0x08000266   0x00000002   Code   RO         2379    .ARM.Collect$$rtexit$$00000000  c_w.l(rtexit.o)
    0x08000268   0x08000268   0x00000000   Code   RO         2437    .ARM.Collect$$rtexit$$00000002  c_w.l(rtexit2.o)
    0x08000268   0x08000268   0x00000004   Code   RO         2438    .ARM.Collect$$rtexit$$00000003  c_w.l(rtexit2.o)
    0x0800026c   0x0800026c   0x00000006   Code   RO         2439    .ARM.Collect$$rtexit$$00000004  c_w.l(rtexit2.o)
    0x08000272   0x08000272   0x00000002   PAD
    0x08000274   0x08000274   0x00000040   Code   RO          513    .text               startup_stm32f10x_md.o
    0x080002b4   0x080002b4   0x00000034   Code   RO         2141    .text               c_w.l(c89vsnprintf.o)
    0x080002e8   0x080002e8   0x00000038   Code   RO         2143    .text               c_w.l(__2snprintf.o)
    0x08000320   0x08000320   0x00000052   Code   RO         2149    .text               c_w.l(_printf_str.o)
    0x08000372   0x08000372   0x00000002   PAD
    0x08000374   0x08000374   0x00000078   Code   RO         2151    .text               c_w.l(_printf_dec.o)
    0x080003ec   0x080003ec   0x00000188   Code   RO         2170    .text               c_w.l(__printf_flags_ss_wp.o)
    0x08000574   0x08000574   0x0000001a   Code   RO         2176    .text               c_w.l(atoi.o)
    0x0800058e   0x0800058e   0x00000024   Code   RO         2181    .text               c_w.l(strstr.o)
    0x080005b2   0x080005b2   0x0000003e   Code   RO         2183    .text               c_w.l(strlen.o)
    0x080005f0   0x080005f0   0x0000008a   Code   RO         2185    .text               c_w.l(rt_memcpy_v6.o)
    0x0800067a   0x0800067a   0x00000064   Code   RO         2187    .text               c_w.l(rt_memcpy_w.o)
    0x080006de   0x080006de   0x00000044   Code   RO         2189    .text               c_w.l(rt_memclr.o)
    0x08000722   0x08000722   0x0000004e   Code   RO         2191    .text               c_w.l(rt_memclr_w.o)
    0x08000770   0x08000770   0x00000006   Code   RO         2193    .text               c_w.l(heapauxi.o)
    0x08000776   0x08000776   0x00000002   PAD
    0x08000778   0x08000778   0x00000008   Code   RO         2205    .text               c_w.l(rt_errno_addr_intlibspace.o)
    0x08000780   0x08000780   0x0000004e   Code   RO         2207    .text               c_w.l(_printf_pad.o)
    0x080007ce   0x080007ce   0x00000024   Code   RO         2209    .text               c_w.l(_printf_truncate.o)
    0x080007f2   0x080007f2   0x000000b2   Code   RO         2211    .text               c_w.l(_printf_intcommon.o)
    0x080008a4   0x080008a4   0x00000028   Code   RO         2213    .text               c_w.l(_printf_charcount.o)
    0x080008cc   0x080008cc   0x00000030   Code   RO         2215    .text               c_w.l(_printf_char_common.o)
    0x080008fc   0x080008fc   0x0000000a   Code   RO         2217    .text               c_w.l(_sputc.o)
    0x08000906   0x08000906   0x00000010   Code   RO         2219    .text               c_w.l(_snputc.o)
    0x08000916   0x08000916   0x0000002c   Code   RO         2221    .text               c_w.l(_printf_char.o)
    0x08000942   0x08000942   0x00000002   PAD
    0x08000944   0x08000944   0x000000bc   Code   RO         2223    .text               c_w.l(_printf_wctomb.o)
    0x08000a00   0x08000a00   0x0000007c   Code   RO         2226    .text               c_w.l(_printf_longlong_dec.o)
    0x08000a7c   0x08000a7c   0x00000070   Code   RO         2232    .text               c_w.l(_printf_oct_int_ll.o)
    0x08000aec   0x08000aec   0x00000094   Code   RO         2252    .text               c_w.l(_printf_hex_int_ll_ptr.o)
    0x08000b80   0x08000b80   0x00000070   Code   RO         2276    .text               c_w.l(strtol.o)
    0x08000bf0   0x08000bf0   0x00000008   Code   RO         2282    .text               c_w.l(libspace.o)
    0x08000bf8   0x08000bf8   0x00000010   Code   RO         2300    .text               c_w.l(rt_ctype_table.o)
    0x08000c08   0x08000c08   0x0000008a   Code   RO         2304    .text               c_w.l(lludiv10.o)
    0x08000c92   0x08000c92   0x0000041e   Code   RO         2306    .text               c_w.l(_printf_fp_dec.o)
    0x080010b0   0x080010b0   0x0000002c   Code   RO         2310    .text               c_w.l(_printf_wchar.o)
    0x080010dc   0x080010dc   0x0000009e   Code   RO         2312    .text               c_w.l(_strtoul.o)
    0x0800117a   0x0800117a   0x00000040   Code   RO         2314    .text               c_w.l(_wcrtomb.o)
    0x080011ba   0x080011ba   0x0000004a   Code   RO         2320    .text               c_w.l(sys_stackheap_outer.o)
    0x08001204   0x08001204   0x00000008   Code   RO         2325    .text               c_w.l(rt_locale_intlibspace.o)
    0x0800120c   0x0800120c   0x00000080   Code   RO         2327    .text               c_w.l(_printf_fp_infnan.o)
    0x0800128c   0x0800128c   0x0000001c   Code   RO         2329    .text               c_w.l(_chval.o)
    0x080012a8   0x080012a8   0x000000e4   Code   RO         2331    .text               c_w.l(bigflt0.o)
    0x0800138c   0x0800138c   0x00000012   Code   RO         2362    .text               c_w.l(exit.o)
    0x0800139e   0x0800139e   0x00000002   PAD
    0x080013a0   0x080013a0   0x00000080   Code   RO         2387    .text               c_w.l(strcmpv7m.o)
    0x08001420   0x08001420   0x0000000c   Code   RO         2434    .text               c_w.l(sys_exit.o)
    0x0800142c   0x0800142c   0x00000002   Code   RO         2453    .text               c_w.l(use_no_semi.o)
    0x0800142e   0x0800142e   0x00000000   Code   RO         2455    .text               c_w.l(indicate_semi.o)
    0x0800142e   0x0800142e   0x0000003e   Code   RO         2334    CL$$btod_d2e        c_w.l(btod.o)
    0x0800146c   0x0800146c   0x00000046   Code   RO         2336    CL$$btod_d2e_denorm_low  c_w.l(btod.o)
    0x080014b2   0x080014b2   0x00000060   Code   RO         2335    CL$$btod_d2e_norm_op1  c_w.l(btod.o)
    0x08001512   0x08001512   0x00000338   Code   RO         2344    CL$$btod_div_common  c_w.l(btod.o)
    0x0800184a   0x0800184a   0x000000dc   Code   RO         2341    CL$$btod_e2e        c_w.l(btod.o)
    0x08001926   0x08001926   0x0000002a   Code   RO         2338    CL$$btod_ediv       c_w.l(btod.o)
    0x08001950   0x08001950   0x0000002a   Code   RO         2337    CL$$btod_emul       c_w.l(btod.o)
    0x0800197a   0x0800197a   0x00000244   Code   RO         2343    CL$$btod_mult_common  c_w.l(btod.o)
    0x08001bbe   0x08001bbe   0x0000006e   Code   RO          387    i.AddByteToBuffer   usart.o
    0x08001c2c   0x08001c2c   0x0000007a   Code   RO         1727    i.AddCmdTaskToList  esp8266.o
    0x08001ca6   0x08001ca6   0x00000004   Code   RO          127    i.BusFault_Handler  stm32f10x_it.o
    0x08001caa   0x08001caa   0x00000002   Code   RO          128    i.DebugMon_Handler  stm32f10x_it.o
    0x08001cac   0x08001cac   0x0000004c   Code   RO         1730    i.DeletCurrCmdTaskFromList  esp8266.o
    0x08001cf8   0x08001cf8   0x0000001c   Code   RO          250    i.DemoClientInit    demo_client.o
    0x08001d14   0x08001d14   0x00000050   Code   RO          251    i.DemoClientTask    demo_client.o
    0x08001d64   0x08001d64   0x00000028   Code   RO         1733    i.ESP_EnterAirkissConfigWifi  esp8266.o
    0x08001d8c   0x08001d8c   0x0000001c   Code   RO         1734    i.ESP_ExitAirkissConfigWifi  esp8266.o
    0x08001da8   0x08001da8   0x00000020   Code   RO         1737    i.ESP_GetTcpConnectStatus  esp8266.o
    0x08001dc8   0x08001dc8   0x0000000c   Code   RO         1738    i.ESP_GetWifiConnectStatus  esp8266.o
    0x08001dd4   0x08001dd4   0x00000030   Code   RO         1742    i.ESP_Init          esp8266.o
    0x08001e04   0x08001e04   0x00000088   Code   RO         1743    i.ESP_OnReciveParseUsartData  esp8266.o
    0x08001e8c   0x08001e8c   0x0000001c   Code   RO         1751    i.ESP_RunTask       esp8266.o
    0x08001ea8   0x08001ea8   0x00000058   Code   RO         1752    i.ESP_SendNetData   esp8266.o
    0x08001f00   0x08001f00   0x00000024   Code   RO         1754    i.ESP_SetNetDataRecv  esp8266.o
    0x08001f24   0x08001f24   0x00000058   Code   RO         1760    i.ESP_SetWorkMode   esp8266.o
    0x08001f7c   0x08001f7c   0x00000038   Code   RO         1761    i.EspDriveInit      esp8266.o
    0x08001fb4   0x08001fb4   0x0000001c   Code   RO         2094    i.FML_TIME_Init     timer.o
    0x08001fd0   0x08001fd0   0x00000044   Code   RO         2095    i.FML_TIME_Register  timer.o
    0x08002014   0x08002014   0x00000038   Code   RO          388    i.FML_USART_Init    usart.o
    0x0800204c   0x0800204c   0x00000070   Code   RO          389    i.FML_USART_MillisecondTimer  usart.o
    0x080020bc   0x080020bc   0x000000c4   Code   RO          390    i.FML_USART_RecvTask  usart.o
    0x08002180   0x08002180   0x00000050   Code   RO          391    i.FML_USART_Register  usart.o
    0x080021d0   0x080021d0   0x000000a4   Code   RO          392    i.FML_USART_Transmit  usart.o
    0x08002274   0x08002274   0x00000116   Code   RO          601    i.GPIO_Init         stm32f10x_gpio.o
    0x0800238a   0x0800238a   0x00000004   Code   RO          609    i.GPIO_SetBits      stm32f10x_gpio.o
    0x0800238e   0x0800238e   0x00000004   Code   RO          129    i.HardFault_Handler  stm32f10x_it.o
    0x08002392   0x08002392   0x0000002e   Code   RO          394    i.InitBuffer        usart.o
    0x080023c0   0x080023c0   0x00000020   Code   RO         1762    i.InitCmdTaskToList  esp8266.o
    0x080023e0   0x080023e0   0x0000010c   Code   RO         1763    i.JudgeNetConnectionStatus  esp8266.o
    0x080024ec   0x080024ec   0x000000a0   Code   RO         1764    i.JudgeWifiConnectionStatus  esp8266.o
    0x0800258c   0x0800258c   0x00000004   Code   RO          130    i.MemManage_Handler  stm32f10x_it.o
    0x08002590   0x08002590   0x00000002   Code   RO          131    i.NMI_Handler       stm32f10x_it.o
    0x08002592   0x08002592   0x00000002   PAD
    0x08002594   0x08002594   0x00000070   Code   RO          517    i.NVIC_Init         misc.o
    0x08002604   0x08002604   0x00000074   Code   RO          253    i.OnEnterAirkissConfigWifiAck  demo_client.o
    0x08002678   0x08002678   0x000000dc   Code   RO         1765    i.OnPackBuildTCPOrUDPCmd  esp8266.o
    0x08002754   0x08002754   0x00000044   Code   RO         1766    i.OnPackCWModeCmd   esp8266.o
    0x08002798   0x08002798   0x0000002c   Code   RO         1767    i.OnPackCloseTCPOrUDPCmd  esp8266.o
    0x080027c4   0x080027c4   0x00000054   Code   RO         1768    i.OnPackConfigServiceCmd  esp8266.o
    0x08002818   0x08002818   0x0000006c   Code   RO         1769    i.OnPackJoinAPCmd   esp8266.o
    0x08002884   0x08002884   0x00000060   Code   RO         1770    i.OnPackSetAPParamCmd  esp8266.o
    0x080028e4   0x080028e4   0x0000002c   Code   RO         1771    i.OnPackSetServiceOvertimeCmd  esp8266.o
    0x08002910   0x08002910   0x00000044   Code   RO         1772    i.OnPackSetTransferCmd  esp8266.o
    0x08002954   0x08002954   0x00000044   Code   RO         1773    i.OnPackStartMultiConnectCmd  esp8266.o
    0x08002998   0x08002998   0x0000000a   Code   RO         1774    i.OnPackTCPOrUDPData  esp8266.o
    0x080029a2   0x080029a2   0x00000002   PAD
    0x080029a4   0x080029a4   0x00000058   Code   RO         1775    i.OnPackTCPOrUDPDataCmd  esp8266.o
    0x080029fc   0x080029fc   0x00000040   Code   RO          257    i.OnRecvNetData     demo_client.o
    0x08002a3c   0x08002a3c   0x00000038   Code   RO          258    i.OnSendNetDataAck  demo_client.o
    0x08002a74   0x08002a74   0x0000005c   Code   RO          260    i.OnSetWorkModeAck  demo_client.o
    0x08002ad0   0x08002ad0   0x00000078   Code   RO         1776    i.OnUnpackATEAck    esp8266.o
    0x08002b48   0x08002b48   0x00000054   Code   RO         1777    i.OnUnpackBuildTCPOrUDPAck  esp8266.o
    0x08002b9c   0x08002b9c   0x00000074   Code   RO         1778    i.OnUnpackEnterConfigSmartAck  esp8266.o
    0x08002c10   0x08002c10   0x00000074   Code   RO         1779    i.OnUnpackExitConfigSmartAck  esp8266.o
    0x08002c84   0x08002c84   0x0000006c   Code   RO         1780    i.OnUnpackGeneralAck  esp8266.o
    0x08002cf0   0x08002cf0   0x00000080   Code   RO         1781    i.OnUnpackGetConnectStatusAck  esp8266.o
    0x08002d70   0x08002d70   0x000000b8   Code   RO         1782    i.OnUnpackStartMultiConnectAck  esp8266.o
    0x08002e28   0x08002e28   0x000000e8   Code   RO         1783    i.OnUnpackTCPOrUDPDataCmdAck  esp8266.o
    0x08002f10   0x08002f10   0x00000078   Code   RO         1784    i.OnUnpackTCPOrUDPDataSendAck  esp8266.o
    0x08002f88   0x08002f88   0x00000002   Code   RO          132    i.PendSV_Handler    stm32f10x_it.o
    0x08002f8a   0x08002f8a   0x00000002   PAD
    0x08002f8c   0x08002f8c   0x00000054   Code   RO         1785    i.ProcessAckOverTime  esp8266.o
    0x08002fe0   0x08002fe0   0x00000118   Code   RO         1786    i.ProcessingNetworkData  esp8266.o
    0x080030f8   0x080030f8   0x000000dc   Code   RO         1787    i.ProcessingSmartInfo  esp8266.o
    0x080031d4   0x080031d4   0x00000020   Code   RO          711    i.RCC_APB1PeriphClockCmd  stm32f10x_rcc.o
    0x080031f4   0x080031f4   0x00000020   Code   RO          712    i.RCC_APB1PeriphResetCmd  stm32f10x_rcc.o
    0x08003214   0x08003214   0x00000020   Code   RO          713    i.RCC_APB2PeriphClockCmd  stm32f10x_rcc.o
    0x08003234   0x08003234   0x000000d4   Code   RO          721    i.RCC_GetClocksFreq  stm32f10x_rcc.o
    0x08003308   0x08003308   0x00000082   Code   RO          395    i.ReadBytesToBuffer  usart.o
    0x0800338a   0x0800338a   0x00000034   Code   RO         1788    i.ReadCmdInfoFromList  esp8266.o
    0x080033be   0x080033be   0x0000001a   Code   RO         1789    i.ReadCmdTaskCallFunFromList  esp8266.o
    0x080033d8   0x080033d8   0x0000002c   Code   RO          396    i.RecvDataHandler   usart.o
    0x08003404   0x08003404   0x00000002   Code   RO          133    i.SVC_Handler       stm32f10x_it.o
    0x08003406   0x08003406   0x00000002   PAD
    0x08003408   0x08003408   0x00000134   Code   RO         1790    i.SendCmdByTaskList  esp8266.o
    0x0800353c   0x0800353c   0x00000008   Code   RO          216    i.SetSysClock       system_stm32f10x.o
    0x08003544   0x08003544   0x000000e0   Code   RO          217    i.SetSysClockTo72   system_stm32f10x.o
    0x08003624   0x08003624   0x00000006   Code   RO          397    i.StartRecvByteTimer  usart.o
    0x0800362a   0x0800362a   0x00000008   Code   RO          398    i.StopRecvByteTimer  usart.o
    0x08003632   0x08003632   0x00000002   Code   RO          134    i.SysTick_Handler   stm32f10x_it.o
    0x08003634   0x08003634   0x00000060   Code   RO          219    i.SystemInit        system_stm32f10x.o
    0x08003694   0x08003694   0x0000015c   Code   RO         2097    i.TIM3_IRQHandler   timer.o
    0x080037f0   0x080037f0   0x00000060   Code   RO         2098    i.TIME_Init         timer.o
    0x08003850   0x08003850   0x00000006   Code   RO         1010    i.TIM_ClearITPendingBit  stm32f10x_tim.o
    0x08003856   0x08003856   0x00000018   Code   RO         1015    i.TIM_Cmd           stm32f10x_tim.o
    0x0800386e   0x0800386e   0x00000022   Code   RO         1036    i.TIM_GetITStatus   stm32f10x_tim.o
    0x08003890   0x08003890   0x00000012   Code   RO         1040    i.TIM_ITConfig      stm32f10x_tim.o
    0x080038a2   0x080038a2   0x00000002   PAD
    0x080038a4   0x080038a4   0x000000a4   Code   RO         1086    i.TIM_TimeBaseInit  stm32f10x_tim.o
    0x08003948   0x08003948   0x00000054   Code   RO          399    i.USART1_IRQHandler  usart.o
    0x0800399c   0x0800399c   0x00000054   Code   RO          400    i.USART3_IRQHandler  usart.o
    0x080039f0   0x080039f0   0x00000012   Code   RO         1547    i.USART_ClearFlag   stm32f10x_usart.o
    0x08003a02   0x08003a02   0x0000001e   Code   RO         1548    i.USART_ClearITPendingBit  stm32f10x_usart.o
    0x08003a20   0x08003a20   0x00000018   Code   RO         1551    i.USART_Cmd         stm32f10x_usart.o
    0x08003a38   0x08003a38   0x0000001a   Code   RO         1554    i.USART_GetFlagStatus  stm32f10x_usart.o
    0x08003a52   0x08003a52   0x00000054   Code   RO         1555    i.USART_GetITStatus  stm32f10x_usart.o
    0x08003aa6   0x08003aa6   0x0000004a   Code   RO         1557    i.USART_ITConfig    stm32f10x_usart.o
    0x08003af0   0x08003af0   0x000000d8   Code   RO         1558    i.USART_Init        stm32f10x_usart.o
    0x08003bc8   0x08003bc8   0x00000074   Code   RO          401    i.USART_Printf      usart.o
    0x08003c3c   0x08003c3c   0x0000000a   Code   RO         1565    i.USART_ReceiveData  stm32f10x_usart.o
    0x08003c46   0x08003c46   0x00000004   Code   RO          135    i.UsageFault_Handler  stm32f10x_it.o
    0x08003c4a   0x08003c4a   0x00000002   PAD
    0x08003c4c   0x08003c4c   0x000000a0   Code   RO          402    i.Usart1DrvInit     usart.o
    0x08003cec   0x08003cec   0x000000bc   Code   RO          403    i.Usart3DrvInit     usart.o
    0x08003da8   0x08003da8   0x00000028   Code   RO         2377    i.__ARM_fpclassify  m_ws.l(fpclassify.o)
    0x08003dd0   0x08003dd0   0x0000000e   Code   RO         2163    i._is_digit         c_w.l(__printf_wp.o)
    0x08003dde   0x08003dde   0x00000002   PAD
    0x08003de0   0x08003de0   0x00000084   Code   RO            1    i.main              main.o
    0x08003e64   0x08003e64   0x0000002c   Code   RO         2357    locale$$code        c_w.l(lc_ctype_c.o)
    0x08003e90   0x08003e90   0x0000002c   Code   RO         2360    locale$$code        c_w.l(lc_numeric_c.o)
    0x08003ebc   0x08003ebc   0x00000004   Code   RO         2280    x$fpl$printf1       fz_ws.l(printf1.o)
    0x08003ec0   0x08003ec0   0x00000000   Code   RO         2376    x$fpl$usenofp       fz_ws.l(usenofp.o)
    0x08003ec0   0x08003ec0   0x00000008   Data   RO         1793    .constdata          esp8266.o
    0x08003ec8   0x08003ec8   0x00000011   Data   RO         2171    .constdata          c_w.l(__printf_flags_ss_wp.o)
    0x08003ed9   0x08003ed9   0x00000003   PAD
    0x08003edc   0x08003edc   0x00000008   Data   RO         2224    .constdata          c_w.l(_printf_wctomb.o)
    0x08003ee4   0x08003ee4   0x00000028   Data   RO         2253    .constdata          c_w.l(_printf_hex_int_ll_ptr.o)
    0x08003f0c   0x08003f0c   0x00000094   Data   RO         2332    .constdata          c_w.l(bigflt0.o)
    0x08003fa0   0x08003fa0   0x00000125   Data   RO         1794    .conststring        esp8266.o
    0x080040c5   0x080040c5   0x00000003   PAD
    0x080040c8   0x080040c8   0x00000020   Data   RO         2505    Region$$Table       anon$$obj.o
    0x080040e8   0x080040e8   0x00000110   Data   RO         2356    locale$$data        c_w.l(lc_ctype_c.o)
    0x080041f8   0x080041f8   0x0000001c   Data   RO         2359    locale$$data        c_w.l(lc_numeric_c.o)


    Execution Region RW_IRAM1 (Exec base: 0x20000000, Load base: 0x08004214, Size: 0x00002bd8, Max: 0x00005000, ABSOLUTE, COMPRESSED[0x000000e8])

    Exec Addr    Load Addr    Size         Type   Attr      Idx    E Section Name        Object

    0x20000000   COMPRESSED   0x00000005   Data   RW          261    .data               demo_client.o
    0x20000005   COMPRESSED   0x00000014   Data   RW          741    .data               stm32f10x_rcc.o
    0x20000019   COMPRESSED   0x00000003   PAD
    0x2000001c   COMPRESSED   0x00000285   Data   RW         1795    .data               esp8266.o
    0x200002a1   COMPRESSED   0x00000006   Data   RW         2100    .data               timer.o
    0x200002a7   COMPRESSED   0x00000001   PAD
    0x200002a8        -       0x0000182c   Zero   RW          404    .bss                usart.o
    0x20001ad4        -       0x0000041c   Zero   RW         1792    .bss                esp8266.o
    0x20001ef0        -       0x00000084   Zero   RW         2099    .bss                timer.o
    0x20001f74        -       0x00000060   Zero   RW         2283    .bss                c_w.l(libspace.o)
    0x20001fd4   COMPRESSED   0x00000004   PAD
    0x20001fd8        -       0x00000400   Zero   RW          511    HEAP                startup_stm32f10x_md.o
    0x200023d8        -       0x00000800   Zero   RW          510    STACK               startup_stm32f10x_md.o


==============================================================================

Image component sizes


      Code (inc. data)   RO Data    RW Data    ZI Data      Debug   Object Name

       436        226          0          5          0       3694   demo_client.o
      4326        982        301        645       1052      27497   esp8266.o
       132         12          0          0          0     253171   main.o
       112         12          0          0          0       1020   misc.o
        64         26        236          0       3072        804   startup_stm32f10x_md.o
       282          0          0          0          0       2499   stm32f10x_gpio.o
        26          0          0          0          0       3714   stm32f10x_it.o
       308         38          0         20          0       5019   stm32f10x_rcc.o
       246         42          0          0          0       3554   stm32f10x_tim.o
       482          6          0          0          0       6836   stm32f10x_usart.o
         0          0          0          0          0         32   sys.o
       328         28          0          0          0       1809   system_stm32f10x.o
       540         30          0          6        132       3804   timer.o
      1584         82          0          0       6188      11871   usart.o

    ----------------------------------------------------------------------
      8878       1484        572        680      10444     325324   Object Totals
         0          0         32          0          0          0   (incl. Generated)
        12          0          3          4          0          0   (incl. Padding)

    ----------------------------------------------------------------------

      Code (inc. data)   RO Data    RW Data    ZI Data      Debug   Library Member Name

        56          6          0          0          0         88   __2snprintf.o
        90          0          0          0          0          0   __dczerorl2.o
         8          0          0          0          0         68   __main.o
       392          4         17          0          0         92   __printf_flags_ss_wp.o
        14          0          0          0          0         68   __printf_wp.o
         0          0          0          0          0          0   __rtentry.o
        12          0          0          0          0          0   __rtentry2.o
         6          0          0          0          0          0   __rtentry4.o
        52          8          0          0          0          0   __scatter.o
        28          0          0          0          0          0   __scatter_zi.o
        28          0          0          0          0         68   _chval.o
         6          0          0          0          0          0   _printf_a.o
         6          0          0          0          0          0   _printf_c.o
        44          0          0          0          0        108   _printf_char.o
        48          6          0          0          0         96   _printf_char_common.o
        40          0          0          0          0         68   _printf_charcount.o
         6          0          0          0          0          0   _printf_d.o
       120         16          0          0          0         92   _printf_dec.o
         6          0          0          0          0          0   _printf_e.o
         6          0          0          0          0          0   _printf_f.o
      1054          0          0          0          0        216   _printf_fp_dec.o
       128         16          0          0          0         84   _printf_fp_infnan.o
         6          0          0          0          0          0   _printf_g.o
       148          4         40          0          0        160   _printf_hex_int_ll_ptr.o
         6          0          0          0          0          0   _printf_i.o
       178          0          0          0          0         88   _printf_intcommon.o
        10          0          0          0          0          0   _printf_l.o
         6          0          0          0          0          0   _printf_lc.o
        10          0          0          0          0          0   _printf_ll.o
         6          0          0          0          0          0   _printf_lld.o
         6          0          0          0          0          0   _printf_lli.o
         6          0          0          0          0          0   _printf_llo.o
         6          0          0          0          0          0   _printf_llu.o
         6          0          0          0          0          0   _printf_llx.o
       124         16          0          0          0         92   _printf_longlong_dec.o
         6          0          0          0          0          0   _printf_ls.o
         6          0          0          0          0          0   _printf_n.o
         6          0          0          0          0          0   _printf_o.o
       112         10          0          0          0        124   _printf_oct_int_ll.o
         6          0          0          0          0          0   _printf_p.o
        78          0          0          0          0        108   _printf_pad.o
         0          0          0          0          0          0   _printf_percent.o
         4          0          0          0          0          0   _printf_percent_end.o
         6          0          0          0          0          0   _printf_s.o
        82          0          0          0          0         80   _printf_str.o
        36          0          0          0          0         84   _printf_truncate.o
         6          0          0          0          0          0   _printf_u.o
        44          0          0          0          0        108   _printf_wchar.o
       188          6          8          0          0         92   _printf_wctomb.o
         6          0          0          0          0          0   _printf_x.o
        16          0          0          0          0         68   _snputc.o
        10          0          0          0          0         68   _sputc.o
       158          0          0          0          0         92   _strtoul.o
        64          0          0          0          0         92   _wcrtomb.o
        26          0          0          0          0         80   atoi.o
       228          4        148          0          0         96   bigflt0.o
      1936        128          0          0          0        672   btod.o
        52          4          0          0          0         80   c89vsnprintf.o
        18          0          0          0          0         80   exit.o
         6          0          0          0          0        152   heapauxi.o
         0          0          0          0          0          0   indicate_semi.o
        44         10        272          0          0         76   lc_ctype_c.o
        44         10         28          0          0         76   lc_numeric_c.o
         2          0          0          0          0          0   libinit.o
        30          0          0          0          0          0   libinit2.o
         2          0          0          0          0          0   libshutdown.o
         2          0          0          0          0          0   libshutdown2.o
         8          4          0          0         96         68   libspace.o
       138          0          0          0          0         80   lludiv10.o
        16          4          0          0          0         76   rt_ctype_table.o
         8          4          0          0          0         68   rt_errno_addr_intlibspace.o
         8          4          0          0          0         68   rt_locale_intlibspace.o
        68          0          0          0          0         68   rt_memclr.o
        78          0          0          0          0         80   rt_memclr_w.o
       138          0          0          0          0         68   rt_memcpy_v6.o
       100          0          0          0          0         80   rt_memcpy_w.o
         2          0          0          0          0          0   rtexit.o
        10          0          0          0          0          0   rtexit2.o
       128          0          0          0          0         68   strcmpv7m.o
        62          0          0          0          0         76   strlen.o
        36          0          0          0          0         80   strstr.o
       112          0          0          0          0         88   strtol.o
        12          4          0          0          0         68   sys_exit.o
        74          0          0          0          0         80   sys_stackheap_outer.o
         2          0          0          0          0         68   use_no_semi.o
         4          0          0          0          0         68   printf1.o
         0          0          0          0          0          0   usenofp.o
        40          0          0          0          0         68   fpclassify.o

    ----------------------------------------------------------------------
      6950        268        516          0        100       4936   Library Totals
        14          0          3          0          4          0   (incl. Padding)

    ----------------------------------------------------------------------

      Code (inc. data)   RO Data    RW Data    ZI Data      Debug   Library Name

      6892        268        513          0         96       4800   c_w.l
         4          0          0          0          0         68   fz_ws.l
        40          0          0          0          0         68   m_ws.l

    ----------------------------------------------------------------------
      6950        268        516          0        100       4936   Library Totals

    ----------------------------------------------------------------------

==============================================================================


      Code (inc. data)   RO Data    RW Data    ZI Data      Debug   

     15828       1752       1088        680      10544     322456   Grand Totals
     15828       1752       1088        232      10544     322456   ELF Image Totals (compressed)
     15828       1752       1088        232          0          0   ROM Totals

==============================================================================

    Total RO  Size (Code + RO Data)                16916 (  16.52kB)
    Total RW  Size (RW Data + ZI Data)             11224 (  10.96kB)
    Total ROM Size (Code + RO Data + RW Data)      17148 (  16.75kB)

==============================================================================

